
Allocating common symbols
Common symbol       size              file

uwTick              0x4               obj/stm32f1xx_hal.o
pFlash              0x20              obj/stm32f1xx_hal_flash.o

Discarded input sections

 .text          0x00000000        0x0 obj/main.o
 .data          0x00000000        0x0 obj/main.o
 .bss           0x00000000        0x0 obj/main.o
 .rodata.CHANNEL_OFFSET_TAB
                0x00000000        0x7 obj/main.o
 .rodata.OFFSET_TAB_CCMRx
                0x00000000        0x7 obj/main.o
 .rodata.SHIFT_TAB_OCxx
                0x00000000        0x7 obj/main.o
 .rodata.SHIFT_TAB_ICxx
                0x00000000        0x7 obj/main.o
 .rodata.SHIFT_TAB_CCxP
                0x00000000        0x7 obj/main.o
 .rodata.SHIFT_TAB_OISx
                0x00000000        0x7 obj/main.o
 .text          0x00000000        0x0 obj/stm32f1xx_it.o
 .data          0x00000000        0x0 obj/stm32f1xx_it.o
 .bss           0x00000000        0x0 obj/stm32f1xx_it.o
 .rodata.CHANNEL_OFFSET_TAB
                0x00000000        0x7 obj/stm32f1xx_it.o
 .rodata.OFFSET_TAB_CCMRx
                0x00000000        0x7 obj/stm32f1xx_it.o
 .rodata.SHIFT_TAB_OCxx
                0x00000000        0x7 obj/stm32f1xx_it.o
 .rodata.SHIFT_TAB_ICxx
                0x00000000        0x7 obj/stm32f1xx_it.o
 .rodata.SHIFT_TAB_CCxP
                0x00000000        0x7 obj/stm32f1xx_it.o
 .rodata.SHIFT_TAB_OISx
                0x00000000        0x7 obj/stm32f1xx_it.o
 .text          0x00000000        0x0 obj/system_stm32f1xx.o
 .data          0x00000000        0x0 obj/system_stm32f1xx.o
 .bss           0x00000000        0x0 obj/system_stm32f1xx.o
 .rodata.AHBPrescTable
                0x00000000       0x10 obj/system_stm32f1xx.o
 .rodata.APBPrescTable
                0x00000000        0x8 obj/system_stm32f1xx.o
 .text.SystemCoreClockUpdate
                0x00000000       0xd4 obj/system_stm32f1xx.o
 .text          0x00000000        0x0 obj/stm32f1xx_hal.o
 .data          0x00000000        0x0 obj/stm32f1xx_hal.o
 .bss           0x00000000        0x0 obj/stm32f1xx_hal.o
 .text.HAL_Init
                0x00000000       0x1a obj/stm32f1xx_hal.o
 .text.HAL_DeInit
                0x00000000       0x30 obj/stm32f1xx_hal.o
 .text.HAL_MspInit
                0x00000000        0xc obj/stm32f1xx_hal.o
 .text.HAL_MspDeInit
                0x00000000        0xc obj/stm32f1xx_hal.o
 .text.HAL_InitTick
                0x00000000       0x38 obj/stm32f1xx_hal.o
 .text.HAL_IncTick
                0x00000000       0x1c obj/stm32f1xx_hal.o
 .text.HAL_GetTick
                0x00000000       0x14 obj/stm32f1xx_hal.o
 .text.HAL_Delay
                0x00000000       0x3a obj/stm32f1xx_hal.o
 .text.HAL_SuspendTick
                0x00000000       0x1c obj/stm32f1xx_hal.o
 .text.HAL_ResumeTick
                0x00000000       0x1c obj/stm32f1xx_hal.o
 .text.HAL_GetHalVersion
                0x00000000       0x14 obj/stm32f1xx_hal.o
 .text.HAL_GetREVID
                0x00000000       0x18 obj/stm32f1xx_hal.o
 .text.HAL_GetDEVID
                0x00000000       0x18 obj/stm32f1xx_hal.o
 .text.HAL_DBGMCU_EnableDBGSleepMode
                0x00000000       0x1c obj/stm32f1xx_hal.o
 .text.HAL_DBGMCU_DisableDBGSleepMode
                0x00000000       0x1c obj/stm32f1xx_hal.o
 .text.HAL_DBGMCU_EnableDBGStopMode
                0x00000000       0x1c obj/stm32f1xx_hal.o
 .text.HAL_DBGMCU_DisableDBGStopMode
                0x00000000       0x1c obj/stm32f1xx_hal.o
 .text.HAL_DBGMCU_EnableDBGStandbyMode
                0x00000000       0x1c obj/stm32f1xx_hal.o
 .text.HAL_DBGMCU_DisableDBGStandbyMode
                0x00000000       0x1c obj/stm32f1xx_hal.o
 .text.HAL_GetUID
                0x00000000       0x3c obj/stm32f1xx_hal.o
 .comment       0x00000000       0x80 obj/stm32f1xx_hal.o
 .ARM.attributes
                0x00000000       0x33 obj/stm32f1xx_hal.o
 COMMON         0x00000000        0x4 obj/stm32f1xx_hal.o
 .text          0x00000000        0x0 obj/stm32f1xx_hal_adc.o
 .data          0x00000000        0x0 obj/stm32f1xx_hal_adc.o
 .bss           0x00000000        0x0 obj/stm32f1xx_hal_adc.o
 .text.HAL_ADC_Init
                0x00000000      0x1b0 obj/stm32f1xx_hal_adc.o
 .text.HAL_ADC_DeInit
                0x00000000      0x184 obj/stm32f1xx_hal_adc.o
 .text.HAL_ADC_MspInit
                0x00000000       0x12 obj/stm32f1xx_hal_adc.o
 .text.HAL_ADC_MspDeInit
                0x00000000       0x12 obj/stm32f1xx_hal_adc.o
 .text.HAL_ADC_Start
                0x00000000       0xe8 obj/stm32f1xx_hal_adc.o
 .text.HAL_ADC_Stop
                0x00000000       0x58 obj/stm32f1xx_hal_adc.o
 .text.HAL_ADC_PollForConversion
                0x00000000      0x1f4 obj/stm32f1xx_hal_adc.o
 .text.HAL_ADC_PollForEvent
                0x00000000       0x7e obj/stm32f1xx_hal_adc.o
 .text.HAL_ADC_Start_IT
                0x00000000       0xf8 obj/stm32f1xx_hal_adc.o
 .text.HAL_ADC_Stop_IT
                0x00000000       0x68 obj/stm32f1xx_hal_adc.o
[...]
Memory Configuration

Name             Origin             Length             Attributes
flash            0x08000000         0x00020000         xr
ram              0x20000000         0x00002000         xrw
*default*        0x00000000         0xffffffff

Linker script and memory map

LOAD obj/main.o
LOAD obj/stm32f1xx_it.o
LOAD obj/system_stm32f1xx.o
LOAD obj/stm32f1xx_hal.o
LOAD obj/stm32f1xx_hal_adc.o
LOAD obj/stm32f1xx_hal_adc_ex.o
LOAD obj/stm32f1xx_hal_can.o
LOAD obj/stm32f1xx_hal_cec.o
LOAD obj/stm32f1xx_hal_cortex.o
LOAD obj/stm32f1xx_hal_crc.o
LOAD obj/stm32f1xx_hal_dac.o
LOAD obj/stm32f1xx_hal_dac_ex.o
LOAD obj/stm32f1xx_hal_dma.o
LOAD obj/stm32f1xx_hal_eth.o
LOAD obj/stm32f1xx_hal_flash.o
LOAD obj/stm32f1xx_hal_flash_ex.o
LOAD obj/stm32f1xx_hal_gpio.o
LOAD obj/stm32f1xx_hal_gpio_ex.o
LOAD obj/stm32f1xx_hal_hcd.o
LOAD obj/stm32f1xx_hal_i2c.o
LOAD obj/stm32f1xx_hal_i2s.o
LOAD obj/stm32f1xx_hal_irda.o
LOAD obj/stm32f1xx_hal_iwdg.o
LOAD obj/stm32f1xx_hal_mmc.o
LOAD obj/stm32f1xx_hal_msp_template.o
LOAD obj/stm32f1xx_hal_nand.o
LOAD obj/stm32f1xx_hal_nor.o
LOAD obj/stm32f1xx_hal_pccard.o
LOAD obj/stm32f1xx_hal_pcd.o
LOAD obj/stm32f1xx_hal_pcd_ex.o
LOAD obj/stm32f1xx_hal_pwr.o
LOAD obj/stm32f1xx_hal_rcc.o
LOAD obj/stm32f1xx_hal_rcc_ex.o
LOAD obj/stm32f1xx_hal_rtc.o
LOAD obj/stm32f1xx_hal_rtc_ex.o
LOAD obj/stm32f1xx_hal_sd.o
LOAD obj/stm32f1xx_hal_smartcard.o
LOAD obj/stm32f1xx_hal_spi.o
LOAD obj/stm32f1xx_hal_spi_ex.o
LOAD obj/stm32f1xx_hal_sram.o
LOAD obj/stm32f1xx_hal_tim.o
LOAD obj/stm32f1xx_hal_tim_ex.o
LOAD obj/stm32f1xx_hal_uart.o
LOAD obj/stm32f1xx_hal_usart.o
LOAD obj/stm32f1xx_hal_wwdg.o
LOAD obj/stm32f1xx_ll_adc.o
LOAD obj/stm32f1xx_ll_crc.o
LOAD obj/stm32f1xx_ll_dac.o
LOAD obj/stm32f1xx_ll_dma.o
LOAD obj/stm32f1xx_ll_exti.o
LOAD obj/stm32f1xx_ll_fsmc.o
LOAD obj/stm32f1xx_ll_gpio.o
LOAD obj/stm32f1xx_ll_i2c.o
LOAD obj/stm32f1xx_ll_pwr.o
LOAD obj/stm32f1xx_ll_rcc.o
LOAD obj/stm32f1xx_ll_rtc.o
LOAD obj/stm32f1xx_ll_sdmmc.o
LOAD obj/stm32f1xx_ll_spi.o
LOAD obj/stm32f1xx_ll_tim.o
LOAD obj/stm32f1xx_ll_usart.o
LOAD obj/stm32f1xx_ll_usb.o
LOAD obj/stm32f1xx_ll_utils.o
LOAD obj/startup_stm32f10x_md_vl.o
START GROUP
LOAD c:/developer/gcc/arm/6.3.1/bin/../lib/gcc/arm-none-eabi/6.3.1/thumb/v7-m\libgcc.a
LOAD c:/developer/gcc/arm/6.3.1/bin/../lib/gcc/arm-none-eabi/6.3.1/../../../../arm-none-eabi/lib/thumb/v7-m\libc.a
END GROUP
                0x00000000                _heap_size = 0x0
                0x00000000                _stack_size = 0x0
                0x20002000                _estack = (ORIGIN (ram) + LENGTH (ram))

.isr_vector     0x08000000      0x10c
                0x08000000                __isr_vector_start__ = .
 *(.isr_vector)
 .isr_vector    0x08000000      0x10c obj/startup_stm32f10x_md_vl.o
                0x08000000                g_pfnVectors
                0x00000001                ASSERT ((. != __isr_vector_start__), The .isr_vector section is empty)

.text           0x0800010c      0x68c
                0x0800010c                . = ALIGN (0x4)
                0x0800010c                _stext = .
 *(.text*)
 .text.NVIC_SetPriority
                0x0800010c       0x54 obj/main.o
 .text.SysTick_Config
                0x08000160       0x44 obj/main.o
 .text.LL_RCC_HSE_Enable
                0x080001a4       0x1c obj/main.o
 .text.LL_RCC_HSE_IsReady
                0x080001c0       0x24 obj/main.o
 .text.LL_RCC_SetSysClkSource
                0x080001e4       0x28 obj/main.o
 .text.LL_RCC_GetSysClkSource
                0x0800020c       0x18 obj/main.o
 .text.LL_RCC_SetAHBPrescaler
                0x08000224       0x28 obj/main.o
 .text.LL_RCC_SetAPB1Prescaler
                0x0800024c       0x28 obj/main.o
 .text.LL_RCC_SetAPB2Prescaler
                0x08000274       0x28 obj/main.o
 .text.LL_RCC_PLL_Enable
                0x0800029c       0x1c obj/main.o
 .text.LL_RCC_PLL_IsReady
                0x080002b8       0x24 obj/main.o
 .text.LL_RCC_PLL_ConfigDomain_SYS
                0x080002dc       0x44 obj/main.o
 .text.LL_GPIO_SetPinMode
                0x08000320       0x60 obj/main.o
 .text.LL_GPIO_SetPinSpeed
                0x08000380       0x60 obj/main.o
 .text.LL_GPIO_SetPinPull
                0x080003e0       0x42 obj/main.o
 .text.LL_GPIO_TogglePin
                0x08000422       0x24 obj/main.o
 .text.delay    0x08000446       0x26 obj/main.o
                0x08000446                delay
 .text.main     0x0800046c      0x1a0 obj/main.o
                0x0800046c                main
 .text.SystemClock_Config
                0x0800060c       0x70 obj/main.o
                0x0800060c                SystemClock_Config
 .text.NMI_Handler
                0x0800067c        0xc obj/stm32f1xx_it.o
                0x0800067c                NMI_Handler
 .text.HardFault_Handler
                0x08000688        0x6 obj/stm32f1xx_it.o
                0x08000688                HardFault_Handler
 .text.MemManage_Handler
                0x0800068e        0x6 obj/stm32f1xx_it.o
                0x0800068e                MemManage_Handler
 .text.BusFault_Handler
                0x08000694        0x6 obj/stm32f1xx_it.o
                0x08000694                BusFault_Handler
 .text.UsageFault_Handler
                0x0800069a        0x6 obj/stm32f1xx_it.o
                0x0800069a                UsageFault_Handler
 .text.SVC_Handler
                0x080006a0        0xc obj/stm32f1xx_it.o
                0x080006a0                SVC_Handler
 .text.DebugMon_Handler
                0x080006ac        0xc obj/stm32f1xx_it.o
                0x080006ac                DebugMon_Handler
 .text.PendSV_Handler
                0x080006b8        0xc obj/stm32f1xx_it.o
                0x080006b8                PendSV_Handler
 .text.SysTick_Handler
                0x080006c4       0x1a obj/stm32f1xx_it.o
                0x080006c4                SysTick_Handler
 *fill*         0x080006de        0x2 
 .text.SystemInit
                0x080006e0       0x70 obj/system_stm32f1xx.o
                0x080006e0                SystemInit
 .text.Reset_Handler
                0x08000750       0x44 obj/startup_stm32f10x_md_vl.o
                0x08000750                Reset_Handler
 .text.Default_Handler
                0x08000794        0x2 obj/startup_stm32f10x_md_vl.o
                0x08000794                EXTI2_IRQHandler
                0x08000794                TIM1_CC_IRQHandler
                0x08000794                PVD_IRQHandler
                0x08000794                EXTI3_IRQHandler
                0x08000794                EXTI0_IRQHandler
                0x08000794                I2C2_EV_IRQHandler
                0x08000794                ADC1_2_IRQHandler
                0x08000794                SPI1_IRQHandler
                0x08000794                TAMPER_IRQHandler
                0x08000794                DMA1_Channel4_IRQHandler
                0x08000794                USART3_IRQHandler
                0x08000794                RTC_IRQHandler
                0x08000794                DMA1_Channel7_IRQHandler
                0x08000794                CAN1_RX1_IRQHandler
                0x08000794                TIM4_IRQHandler
                0x08000794                I2C1_EV_IRQHandler
                0x08000794                DMA1_Channel6_IRQHandler
                0x08000794                TIM3_IRQHandler
                0x08000794                RCC_IRQHandler
                0x08000794                TIM1_TRG_COM_IRQHandler
                0x08000794                DMA1_Channel1_IRQHandler
                0x08000794                Default_Handler
                0x08000794                EXTI15_10_IRQHandler
                0x08000794                EXTI9_5_IRQHandler
                0x08000794                SPI2_IRQHandler
                0x08000794                DMA1_Channel5_IRQHandler
                0x08000794                EXTI4_IRQHandler
                0x08000794                USB_LP_CAN1_RX0_IRQHandler
                0x08000794                USB_HP_CAN1_TX_IRQHandler
                0x08000794                DMA1_Channel3_IRQHandler
                0x08000794                TIM1_UP_IRQHandler
                0x08000794                WWDG_IRQHandler
                0x08000794                TIM2_IRQHandler
                0x08000794                TIM1_BRK_IRQHandler
                0x08000794                EXTI1_IRQHandler
                0x08000794                RTCAlarm_IRQHandler
                0x08000794                USART2_IRQHandler
                0x08000794                I2C2_ER_IRQHandler
                0x08000794                DMA1_Channel2_IRQHandler
                0x08000794                CAN1_SCE_IRQHandler
                0x08000794                FLASH_IRQHandler
                0x08000794                USART1_IRQHandler
                0x08000794                I2C1_ER_IRQHandler
                0x08000794                USBWakeUp_IRQHandler
 *(.rodata*)
 *(.init)
 *(.fini)
                0x08000798                . = ALIGN (0x4)
 *fill*         0x08000796        0x2 
                0x08000798                _etext = .

.glue_7         0x08000798        0x0
 .glue_7        0x08000798        0x0 linker stubs

.glue_7t        0x08000798        0x0
 .glue_7t       0x08000798        0x0 linker stubs

.vfp11_veneer   0x08000798        0x0
 .vfp11_veneer  0x08000798        0x0 linker stubs

.v4_bx          0x08000798        0x0
 .v4_bx         0x08000798        0x0 linker stubs

.iplt           0x08000798        0x0
 .iplt          0x08000798        0x0 obj/main.o

.rel.dyn        0x08000798        0x0
 .rel.iplt      0x08000798        0x0 obj/main.o

.ARM.extab
 *(.ARM.extab*)

.ARM.exidx
 *(.ARM.exidx*)

.preinit_array  0x08000798        0x0
                [!provide]                PROVIDE (__preinit_array_start, .)
 *(.preinit_array*)
                [!provide]                PROVIDE (__preinit_array_end, .)

.init_array     0x08000798        0x0
                [!provide]                PROVIDE (__init_array_start, .)
 *(SORT(.init_array.*))
 *(.init_array*)
                [!provide]                PROVIDE (__init_array_end, .)

.fini_array     0x08000798        0x0
                [!provide]                PROVIDE (__fini_array_start, .)
 *(SORT(.fini_array.*))
 *(.fini_array*)
                [!provide]                PROVIDE (__fini_array_end, .)
                0x08000798                _sidata = .

.data           0x20000000        0x4 load address 0x08000798
                0x20000000                . = ALIGN (0x4)
                0x20000000                _sdata = .
 *(.data*)
 .data.SystemCoreClock
                0x20000000        0x4 obj/system_stm32f1xx.o
                0x20000000                SystemCoreClock
                0x20000004                . = ALIGN (0x4)
                0x20000004                _edata = .

.igot.plt       0x20000004        0x0 load address 0x0800079c
 .igot.plt      0x20000004        0x0 obj/main.o

.bss            0x20000004        0x0
                0x20000004                . = ALIGN (0x4)
                0x20000004                _sbss = .
 *(.bss*)
 *(COMMON)
                0x20000004                . = ALIGN (0x4)
                0x20000004                _ebss = .

._heap          0x20000004        0x0
                0x20000004                . = ALIGN (0x4)
                0x20000004                . = (. + _heap_size)
                0x20000004                . = ALIGN (0x4)

._stack         0x20000004        0x0
                0x20000004                . = ALIGN (0x4)
                0x20000004                . = (. + _stack_size)
                0x20000004                . = ALIGN (0x4)
                0x0000010c                __isr_vector_size__ = SIZEOF (.isr_vector)
                0x0000068c                __text_size__ = SIZEOF (.text)
                0x00000004                __data_size__ = SIZEOF (.data)
                0x00000000                __bss_size__ = SIZEOF (.bss)
OUTPUT(bin/magic.elf elf32-littlearm)

.comment        0x00000000       0x7f
 .comment       0x00000000       0x7f obj/main.o
                                 0x80 (size before relaxing)
 .comment       0x0000007f       0x80 obj/stm32f1xx_it.o
 .comment       0x0000007f       0x80 obj/system_stm32f1xx.o

.ARM.attributes
                0x00000000       0x31
 .ARM.attributes
                0x00000000       0x33 obj/main.o
 .ARM.attributes
                0x00000033       0x33 obj/stm32f1xx_it.o
 .ARM.attributes
                0x00000066       0x33 obj/system_stm32f1xx.o
 .ARM.attributes
                0x00000099       0x21 obj/startup_stm32f10x_md_vl.o

Cross Reference Table

Symbol                                            File
ADC1_2_IRQHandler                                 obj/startup_stm32f10x_md_vl.o
ADC_ConversionStop_Disable                        obj/stm32f1xx_hal_adc.o
                                                  obj/stm32f1xx_hal_adc_ex.o
ADC_DMAConvCplt                                   obj/stm32f1xx_hal_adc.o
ADC_DMAError                                      obj/stm32f1xx_hal_adc.o
ADC_DMAHalfConvCplt                               obj/stm32f1xx_hal_adc.o
ADC_Enable                                        obj/stm32f1xx_hal_adc.o
                                                  obj/stm32f1xx_hal_adc_ex.o
AHBPrescTable                                     obj/system_stm32f1xx.o
                                                  obj/stm32f1xx_ll_utils.o
                                                  obj/stm32f1xx_ll_rcc.o
                                                  obj/stm32f1xx_hal_rcc.o
APBPrescTable                                     obj/system_stm32f1xx.o
                                                  obj/stm32f1xx_ll_rcc.o
                                                  obj/stm32f1xx_hal_rcc.o
BusFault_Handler                                  obj/stm32f1xx_it.o
CAN1_RX1_IRQHandler                               obj/startup_stm32f10x_md_vl.o
CAN1_SCE_IRQHandler                               obj/startup_stm32f10x_md_vl.o
DAC_DMAConvCpltCh1                                obj/stm32f1xx_hal_dac.o
                                                  obj/stm32f1xx_hal_dac_ex.o
DAC_DMAConvCpltCh2                                obj/stm32f1xx_hal_dac_ex.o
                                                  obj/stm32f1xx_hal_dac.o
DAC_DMAErrorCh1                                   obj/stm32f1xx_hal_dac.o
                                                  obj/stm32f1xx_hal_dac_ex.o
DAC_DMAErrorCh2                                   obj/stm32f1xx_hal_dac_ex.o
                                                  obj/stm32f1xx_hal_dac.o
DAC_DMAHalfConvCpltCh1                            obj/stm32f1xx_hal_dac.o
                                                  obj/stm32f1xx_hal_dac_ex.o
DAC_DMAHalfConvCpltCh2                            obj/stm32f1xx_hal_dac_ex.o
                                                  obj/stm32f1xx_hal_dac.o
DMA1_Channel1_IRQHandler                          obj/startup_stm32f10x_md_vl.o
DMA1_Channel2_IRQHandler                          obj/startup_stm32f10x_md_vl.o
DMA1_Channel3_IRQHandler                          obj/startup_stm32f10x_md_vl.o
DMA1_Channel4_IRQHandler                          obj/startup_stm32f10x_md_vl.o
DMA1_Channel5_IRQHandler                          obj/startup_stm32f10x_md_vl.o
DMA1_Channel6_IRQHandler                          obj/startup_stm32f10x_md_vl.o
DMA1_Channel7_IRQHandler                          obj/startup_stm32f10x_md_vl.o
DebugMon_Handler                                  obj/stm32f1xx_it.o
Default_Handler                                   obj/startup_stm32f10x_md_vl.o
EXTI0_IRQHandler                                  obj/startup_stm32f10x_md_vl.o
EXTI15_10_IRQHandler                              obj/startup_stm32f10x_md_vl.o
EXTI1_IRQHandler                                  obj/startup_stm32f10x_md_vl.o
EXTI2_IRQHandler                                  obj/startup_stm32f10x_md_vl.o
EXTI3_IRQHandler                                  obj/startup_stm32f10x_md_vl.o
EXTI4_IRQHandler                                  obj/startup_stm32f10x_md_vl.o
EXTI9_5_IRQHandler                                obj/startup_stm32f10x_md_vl.o
FLASH_IRQHandler                                  obj/startup_stm32f10x_md_vl.o
FLASH_PageErase                                   obj/stm32f1xx_hal_flash_ex.o
                                                  obj/stm32f1xx_hal_flash.o
FLASH_WaitForLastOperation                        obj/stm32f1xx_hal_flash.o
                                                  obj/stm32f1xx_hal_flash_ex.o
HAL_ADCEx_Calibration_Start                       obj/stm32f1xx_hal_adc_ex.o
HAL_ADCEx_InjectedConfigChannel                   obj/stm32f1xx_hal_adc_ex.o
HAL_ADCEx_InjectedConvCpltCallback                obj/stm32f1xx_hal_adc_ex.o
                                                  obj/stm32f1xx_hal_adc.o
HAL_ADCEx_InjectedGetValue                        obj/stm32f1xx_hal_adc_ex.o
HAL_ADCEx_InjectedPollForConversion               obj/stm32f1xx_hal_adc_ex.o
HAL_ADCEx_InjectedStart                           obj/stm32f1xx_hal_adc_ex.o
HAL_ADCEx_InjectedStart_IT                        obj/stm32f1xx_hal_adc_ex.o
HAL_ADCEx_InjectedStop                            obj/stm32f1xx_hal_adc_ex.o
HAL_ADCEx_InjectedStop_IT                         obj/stm32f1xx_hal_adc_ex.o
HAL_ADC_AnalogWDGConfig                           obj/stm32f1xx_hal_adc.o
HAL_ADC_ConfigChannel                             obj/stm32f1xx_hal_adc.o
HAL_ADC_ConvCpltCallback                          obj/stm32f1xx_hal_adc.o
HAL_ADC_ConvHalfCpltCallback                      obj/stm32f1xx_hal_adc.o
HAL_ADC_DeInit                                    obj/stm32f1xx_hal_adc.o
HAL_ADC_ErrorCallback                             obj/stm32f1xx_hal_adc.o
HAL_ADC_GetError                                  obj/stm32f1xx_hal_adc.o
HAL_ADC_GetState                                  obj/stm32f1xx_hal_adc.o
HAL_ADC_GetValue                                  obj/stm32f1xx_hal_adc.o
HAL_ADC_IRQHandler                                obj/stm32f1xx_hal_adc.o
HAL_ADC_Init                                      obj/stm32f1xx_hal_adc.o
HAL_ADC_LevelOutOfWindowCallback                  obj/stm32f1xx_hal_adc.o
HAL_ADC_MspDeInit                                 obj/stm32f1xx_hal_adc.o
HAL_ADC_MspInit                                   obj/stm32f1xx_hal_adc.o
HAL_ADC_PollForConversion                         obj/stm32f1xx_hal_adc.o
HAL_ADC_PollForEvent                              obj/stm32f1xx_hal_adc.o
HAL_ADC_Start                                     obj/stm32f1xx_hal_adc.o
HAL_ADC_Start_DMA                                 obj/stm32f1xx_hal_adc.o
HAL_ADC_Start_IT                                  obj/stm32f1xx_hal_adc.o
HAL_ADC_Stop                                      obj/stm32f1xx_hal_adc.o
HAL_ADC_Stop_DMA                                  obj/stm32f1xx_hal_adc.o
HAL_ADC_Stop_IT                                   obj/stm32f1xx_hal_adc.o
HAL_CEC_ChangeRxBuffer                            obj/stm32f1xx_hal_cec.o
HAL_CEC_DeInit                                    obj/stm32f1xx_hal_cec.o
HAL_CEC_ErrorCallback                             obj/stm32f1xx_hal_cec.o
HAL_CEC_GetError                                  obj/stm32f1xx_hal_cec.o
HAL_CEC_GetLastReceivedFrameSize                  obj/stm32f1xx_hal_cec.o
HAL_CEC_GetState                                  obj/stm32f1xx_hal_cec.o
HAL_CEC_IRQHandler                                obj/stm32f1xx_hal_cec.o
HAL_CEC_Init                                      obj/stm32f1xx_hal_cec.o
HAL_CEC_MspDeInit                                 obj/stm32f1xx_hal_cec.o
HAL_CEC_MspInit                                   obj/stm32f1xx_hal_cec.o
HAL_CEC_RxCpltCallback                            obj/stm32f1xx_hal_cec.o
HAL_CEC_SetDeviceAddress                          obj/stm32f1xx_hal_cec.o
HAL_CEC_Transmit_IT                               obj/stm32f1xx_hal_cec.o
HAL_CEC_TxCpltCallback                            obj/stm32f1xx_hal_cec.o
HAL_CRC_Accumulate                                obj/stm32f1xx_hal_crc.o
HAL_CRC_Calculate                                 obj/stm32f1xx_hal_crc.o
HAL_CRC_DeInit                                    obj/stm32f1xx_hal_crc.o
HAL_CRC_GetState                                  obj/stm32f1xx_hal_crc.o
HAL_CRC_Init                                      obj/stm32f1xx_hal_crc.o
HAL_CRC_MspDeInit                                 obj/stm32f1xx_hal_crc.o
HAL_CRC_MspInit                                   obj/stm32f1xx_hal_crc.o
HAL_DACEx_ConvCpltCallbackCh2                     obj/stm32f1xx_hal_dac_ex.o
HAL_DACEx_ConvHalfCpltCallbackCh2                 obj/stm32f1xx_hal_dac_ex.o
HAL_DACEx_DMAUnderrunCallbackCh2                  obj/stm32f1xx_hal_dac_ex.o
HAL_DACEx_DualGetValue                            obj/stm32f1xx_hal_dac_ex.o
HAL_DACEx_DualSetValue                            obj/stm32f1xx_hal_dac_ex.o
HAL_DACEx_ErrorCallbackCh2                        obj/stm32f1xx_hal_dac_ex.o
HAL_DACEx_NoiseWaveGenerate                       obj/stm32f1xx_hal_dac_ex.o
HAL_DACEx_TriangleWaveGenerate                    obj/stm32f1xx_hal_dac_ex.o
HAL_DAC_ConfigChannel                             obj/stm32f1xx_hal_dac.o
HAL_DAC_ConvCpltCallbackCh1                       obj/stm32f1xx_hal_dac.o
HAL_DAC_ConvHalfCpltCallbackCh1                   obj/stm32f1xx_hal_dac.o
HAL_DAC_DMAUnderrunCallbackCh1                    obj/stm32f1xx_hal_dac_ex.o
HAL_DAC_DeInit                                    obj/stm32f1xx_hal_dac.o
HAL_DAC_ErrorCallbackCh1                          obj/stm32f1xx_hal_dac.o
HAL_DAC_GetError                                  obj/stm32f1xx_hal_dac.o
HAL_DAC_GetState                                  obj/stm32f1xx_hal_dac.o
HAL_DAC_GetValue                                  obj/stm32f1xx_hal_dac.o
HAL_DAC_IRQHandler                                obj/stm32f1xx_hal_dac_ex.o
HAL_DAC_Init                                      obj/stm32f1xx_hal_dac.o
HAL_DAC_MspDeInit                                 obj/stm32f1xx_hal_dac.o
HAL_DAC_MspInit                                   obj/stm32f1xx_hal_dac.o
HAL_DAC_SetValue                                  obj/stm32f1xx_hal_dac.o
HAL_DAC_Start                                     obj/stm32f1xx_hal_dac.o
HAL_DAC_Start_DMA                                 obj/stm32f1xx_hal_dac_ex.o
                                                  obj/stm32f1xx_hal_dac.o
HAL_DAC_Stop                                      obj/stm32f1xx_hal_dac.o
HAL_DAC_Stop_DMA                                  obj/stm32f1xx_hal_dac_ex.o
                                                  obj/stm32f1xx_hal_dac.o
HAL_DBGMCU_DisableDBGSleepMode                    obj/stm32f1xx_hal.o
HAL_DBGMCU_DisableDBGStandbyMode                  obj/stm32f1xx_hal.o
HAL_DBGMCU_DisableDBGStopMode                     obj/stm32f1xx_hal.o
HAL_DBGMCU_EnableDBGSleepMode                     obj/stm32f1xx_hal.o
HAL_DBGMCU_EnableDBGStandbyMode                   obj/stm32f1xx_hal.o
HAL_DBGMCU_EnableDBGStopMode                      obj/stm32f1xx_hal.o
HAL_DMA_Abort                                     obj/stm32f1xx_hal_dma.o
                                                  obj/stm32f1xx_hal_usart.o
                                                  obj/stm32f1xx_hal_uart.o
                                                  obj/stm32f1xx_hal_tim.o
                                                  obj/stm32f1xx_hal_spi.o
                                                  obj/stm32f1xx_hal_smartcard.o
                                                  obj/stm32f1xx_hal_irda.o
                                                  obj/stm32f1xx_hal_dac_ex.o
                                                  obj/stm32f1xx_hal_dac.o
                                                  obj/stm32f1xx_hal_adc.o
HAL_DMA_Abort_IT                                  obj/stm32f1xx_hal_dma.o
                                                  obj/stm32f1xx_hal_usart.o
                                                  obj/stm32f1xx_hal_uart.o
                                                  obj/stm32f1xx_hal_spi.o
                                                  obj/stm32f1xx_hal_smartcard.o
                                                  obj/stm32f1xx_hal_irda.o
                                                  obj/stm32f1xx_hal_i2c.o
HAL_DMA_DeInit                                    obj/stm32f1xx_hal_dma.o
HAL_DMA_GetError                                  obj/stm32f1xx_hal_dma.o
HAL_DMA_GetState                                  obj/stm32f1xx_hal_dma.o
HAL_DMA_IRQHandler                                obj/stm32f1xx_hal_dma.o
HAL_DMA_Init                                      obj/stm32f1xx_hal_dma.o
HAL_DMA_PollForTransfer                           obj/stm32f1xx_hal_dma.o
HAL_DMA_RegisterCallback                          obj/stm32f1xx_hal_dma.o
HAL_DMA_Start                                     obj/stm32f1xx_hal_dma.o
HAL_DMA_Start_IT                                  obj/stm32f1xx_hal_dma.o
                                                  obj/stm32f1xx_hal_usart.o
                                                  obj/stm32f1xx_hal_uart.o
                                                  obj/stm32f1xx_hal_tim_ex.o
                                                  obj/stm32f1xx_hal_tim.o
                                                  obj/stm32f1xx_hal_spi.o
                                                  obj/stm32f1xx_hal_smartcard.o
                                                  obj/stm32f1xx_hal_irda.o
                                                  obj/stm32f1xx_hal_i2c.o
                                                  obj/stm32f1xx_hal_dac_ex.o
                                                  obj/stm32f1xx_hal_dac.o
                                                  obj/stm32f1xx_hal_adc.o
HAL_DMA_UnRegisterCallback                        obj/stm32f1xx_hal_dma.o
HAL_DeInit                                        obj/stm32f1xx_hal.o
HAL_Delay                                         obj/stm32f1xx_hal.o
HAL_FLASHEx_Erase                                 obj/stm32f1xx_hal_flash_ex.o
HAL_FLASHEx_Erase_IT                              obj/stm32f1xx_hal_flash_ex.o
HAL_FLASHEx_OBErase                               obj/stm32f1xx_hal_flash_ex.o
HAL_FLASHEx_OBGetConfig                           obj/stm32f1xx_hal_flash_ex.o
HAL_FLASHEx_OBGetUserData                         obj/stm32f1xx_hal_flash_ex.o
HAL_FLASHEx_OBProgram                             obj/stm32f1xx_hal_flash_ex.o
HAL_FLASH_EndOfOperationCallback                  obj/stm32f1xx_hal_flash.o
HAL_FLASH_GetError                                obj/stm32f1xx_hal_flash.o
HAL_FLASH_IRQHandler                              obj/stm32f1xx_hal_flash.o
HAL_FLASH_Lock                                    obj/stm32f1xx_hal_flash.o
HAL_FLASH_OB_Launch                               obj/stm32f1xx_hal_flash.o
HAL_FLASH_OB_Lock                                 obj/stm32f1xx_hal_flash.o
HAL_FLASH_OB_Unlock                               obj/stm32f1xx_hal_flash.o
HAL_FLASH_OperationErrorCallback                  obj/stm32f1xx_hal_flash.o
HAL_FLASH_Program                                 obj/stm32f1xx_hal_flash.o
HAL_FLASH_Program_IT                              obj/stm32f1xx_hal_flash.o
HAL_FLASH_Unlock                                  obj/stm32f1xx_hal_flash.o
HAL_GPIOEx_ConfigEventout                         obj/stm32f1xx_hal_gpio_ex.o
HAL_GPIOEx_DisableEventout                        obj/stm32f1xx_hal_gpio_ex.o
HAL_GPIOEx_EnableEventout                         obj/stm32f1xx_hal_gpio_ex.o
HAL_GPIO_DeInit                                   obj/stm32f1xx_hal_gpio.o
HAL_GPIO_EXTI_Callback                            obj/stm32f1xx_hal_gpio.o
HAL_GPIO_EXTI_IRQHandler                          obj/stm32f1xx_hal_gpio.o
HAL_GPIO_Init                                     obj/stm32f1xx_hal_gpio.o
                                                  obj/stm32f1xx_hal_rcc.o
HAL_GPIO_LockPin                                  obj/stm32f1xx_hal_gpio.o
HAL_GPIO_ReadPin                                  obj/stm32f1xx_hal_gpio.o
HAL_GPIO_TogglePin                                obj/stm32f1xx_hal_gpio.o
HAL_GPIO_WritePin                                 obj/stm32f1xx_hal_gpio.o
HAL_GetDEVID                                      obj/stm32f1xx_hal.o
HAL_GetHalVersion                                 obj/stm32f1xx_hal.o
HAL_GetREVID                                      obj/stm32f1xx_hal.o
HAL_GetTick                                       obj/stm32f1xx_hal.o
                                                  obj/stm32f1xx_hal_usart.o
                                                  obj/stm32f1xx_hal_uart.o
                                                  obj/stm32f1xx_hal_spi.o
                                                  obj/stm32f1xx_hal_smartcard.o
                                                  obj/stm32f1xx_hal_rtc_ex.o
                                                  obj/stm32f1xx_hal_rtc.o
                                                  obj/stm32f1xx_hal_rcc_ex.o
                                                  obj/stm32f1xx_hal_rcc.o
                                                  obj/stm32f1xx_hal_iwdg.o
                                                  obj/stm32f1xx_hal_irda.o
                                                  obj/stm32f1xx_hal_i2c.o
                                                  obj/stm32f1xx_hal_flash.o
                                                  obj/stm32f1xx_hal_dma.o
                                                  obj/stm32f1xx_hal_adc_ex.o
                                                  obj/stm32f1xx_hal_adc.o
HAL_GetUID                                        obj/stm32f1xx_hal.o
HAL_HalfDuplex_EnableReceiver                     obj/stm32f1xx_hal_uart.o
HAL_HalfDuplex_EnableTransmitter                  obj/stm32f1xx_hal_uart.o
HAL_HalfDuplex_Init                               obj/stm32f1xx_hal_uart.o
HAL_I2C_AbortCpltCallback                         obj/stm32f1xx_hal_i2c.o
HAL_I2C_AddrCallback                              obj/stm32f1xx_hal_i2c.o
HAL_I2C_DeInit                                    obj/stm32f1xx_hal_i2c.o
HAL_I2C_DisableListen_IT                          obj/stm32f1xx_hal_i2c.o
HAL_I2C_ER_IRQHandler                             obj/stm32f1xx_hal_i2c.o
HAL_I2C_EV_IRQHandler                             obj/stm32f1xx_hal_i2c.o
HAL_I2C_EnableListen_IT                           obj/stm32f1xx_hal_i2c.o
HAL_I2C_ErrorCallback                             obj/stm32f1xx_hal_i2c.o
HAL_I2C_GetError                                  obj/stm32f1xx_hal_i2c.o
HAL_I2C_GetMode                                   obj/stm32f1xx_hal_i2c.o
HAL_I2C_GetState                                  obj/stm32f1xx_hal_i2c.o
HAL_I2C_Init                                      obj/stm32f1xx_hal_i2c.o
HAL_I2C_IsDeviceReady                             obj/stm32f1xx_hal_i2c.o
HAL_I2C_ListenCpltCallback                        obj/stm32f1xx_hal_i2c.o
HAL_I2C_MasterRxCpltCallback                      obj/stm32f1xx_hal_i2c.o
HAL_I2C_MasterTxCpltCallback                      obj/stm32f1xx_hal_i2c.o
HAL_I2C_Master_Abort_IT                           obj/stm32f1xx_hal_i2c.o
HAL_I2C_Master_Receive                            obj/stm32f1xx_hal_i2c.o
HAL_I2C_Master_Receive_DMA                        obj/stm32f1xx_hal_i2c.o
HAL_I2C_Master_Receive_IT                         obj/stm32f1xx_hal_i2c.o
HAL_I2C_Master_Sequential_Receive_IT              obj/stm32f1xx_hal_i2c.o
HAL_I2C_Master_Sequential_Transmit_IT             obj/stm32f1xx_hal_i2c.o
HAL_I2C_Master_Transmit                           obj/stm32f1xx_hal_i2c.o
HAL_I2C_Master_Transmit_DMA                       obj/stm32f1xx_hal_i2c.o
HAL_I2C_Master_Transmit_IT                        obj/stm32f1xx_hal_i2c.o
HAL_I2C_MemRxCpltCallback                         obj/stm32f1xx_hal_i2c.o
HAL_I2C_MemTxCpltCallback                         obj/stm32f1xx_hal_i2c.o
HAL_I2C_Mem_Read                                  obj/stm32f1xx_hal_i2c.o
HAL_I2C_Mem_Read_DMA                              obj/stm32f1xx_hal_i2c.o
HAL_I2C_Mem_Read_IT                               obj/stm32f1xx_hal_i2c.o
HAL_I2C_Mem_Write                                 obj/stm32f1xx_hal_i2c.o
HAL_I2C_Mem_Write_DMA                             obj/stm32f1xx_hal_i2c.o
HAL_I2C_Mem_Write_IT                              obj/stm32f1xx_hal_i2c.o
HAL_I2C_MspDeInit                                 obj/stm32f1xx_hal_i2c.o
HAL_I2C_MspInit                                   obj/stm32f1xx_hal_i2c.o
HAL_I2C_SlaveRxCpltCallback                       obj/stm32f1xx_hal_i2c.o
HAL_I2C_SlaveTxCpltCallback                       obj/stm32f1xx_hal_i2c.o
HAL_I2C_Slave_Receive                             obj/stm32f1xx_hal_i2c.o
HAL_I2C_Slave_Receive_DMA                         obj/stm32f1xx_hal_i2c.o
HAL_I2C_Slave_Receive_IT                          obj/stm32f1xx_hal_i2c.o
HAL_I2C_Slave_Sequential_Receive_IT               obj/stm32f1xx_hal_i2c.o
HAL_I2C_Slave_Sequential_Transmit_IT              obj/stm32f1xx_hal_i2c.o
HAL_I2C_Slave_Transmit                            obj/stm32f1xx_hal_i2c.o
HAL_I2C_Slave_Transmit_DMA                        obj/stm32f1xx_hal_i2c.o
HAL_I2C_Slave_Transmit_IT                         obj/stm32f1xx_hal_i2c.o
HAL_IRDA_Abort                                    obj/stm32f1xx_hal_irda.o
HAL_IRDA_AbortCpltCallback                        obj/stm32f1xx_hal_irda.o
HAL_IRDA_AbortReceive                             obj/stm32f1xx_hal_irda.o
HAL_IRDA_AbortReceiveCpltCallback                 obj/stm32f1xx_hal_irda.o
HAL_IRDA_AbortReceive_IT                          obj/stm32f1xx_hal_irda.o
HAL_IRDA_AbortTransmit                            obj/stm32f1xx_hal_irda.o
HAL_IRDA_AbortTransmitCpltCallback                obj/stm32f1xx_hal_irda.o
HAL_IRDA_AbortTransmit_IT                         obj/stm32f1xx_hal_irda.o
HAL_IRDA_Abort_IT                                 obj/stm32f1xx_hal_irda.o
HAL_IRDA_DMAPause                                 obj/stm32f1xx_hal_irda.o
HAL_IRDA_DMAResume                                obj/stm32f1xx_hal_irda.o
HAL_IRDA_DMAStop                                  obj/stm32f1xx_hal_irda.o
HAL_IRDA_DeInit                                   obj/stm32f1xx_hal_irda.o
HAL_IRDA_ErrorCallback                            obj/stm32f1xx_hal_irda.o
HAL_IRDA_GetError                                 obj/stm32f1xx_hal_irda.o
HAL_IRDA_GetState                                 obj/stm32f1xx_hal_irda.o
HAL_IRDA_IRQHandler                               obj/stm32f1xx_hal_irda.o
HAL_IRDA_Init                                     obj/stm32f1xx_hal_irda.o
HAL_IRDA_MspDeInit                                obj/stm32f1xx_hal_irda.o
HAL_IRDA_MspInit                                  obj/stm32f1xx_hal_irda.o
HAL_IRDA_Receive                                  obj/stm32f1xx_hal_irda.o
HAL_IRDA_Receive_DMA                              obj/stm32f1xx_hal_irda.o
HAL_IRDA_Receive_IT                               obj/stm32f1xx_hal_irda.o
HAL_IRDA_RxCpltCallback                           obj/stm32f1xx_hal_irda.o
HAL_IRDA_RxHalfCpltCallback                       obj/stm32f1xx_hal_irda.o
HAL_IRDA_Transmit                                 obj/stm32f1xx_hal_irda.o
HAL_IRDA_Transmit_DMA                             obj/stm32f1xx_hal_irda.o
HAL_IRDA_Transmit_IT                              obj/stm32f1xx_hal_irda.o
HAL_IRDA_TxCpltCallback                           obj/stm32f1xx_hal_irda.o
HAL_IRDA_TxHalfCpltCallback                       obj/stm32f1xx_hal_irda.o
HAL_IWDG_Init                                     obj/stm32f1xx_hal_iwdg.o
HAL_IWDG_Refresh                                  obj/stm32f1xx_hal_iwdg.o
HAL_IncTick                                       obj/stm32f1xx_hal.o
HAL_Init                                          obj/stm32f1xx_hal.o
HAL_InitTick                                      obj/stm32f1xx_hal.o
                                                  obj/stm32f1xx_hal_rcc.o
HAL_LIN_Init                                      obj/stm32f1xx_hal_uart.o
HAL_LIN_SendBreak                                 obj/stm32f1xx_hal_uart.o
HAL_MspDeInit                                     obj/stm32f1xx_hal_msp_template.o
                                                  obj/stm32f1xx_hal.o
HAL_MspInit                                       obj/stm32f1xx_hal_msp_template.o
                                                  obj/stm32f1xx_hal.o
HAL_MultiProcessor_EnterMuteMode                  obj/stm32f1xx_hal_uart.o
HAL_MultiProcessor_ExitMuteMode                   obj/stm32f1xx_hal_uart.o
HAL_MultiProcessor_Init                           obj/stm32f1xx_hal_uart.o
HAL_NVIC_ClearPendingIRQ                          obj/stm32f1xx_hal_cortex.o
HAL_NVIC_DisableIRQ                               obj/stm32f1xx_hal_cortex.o
HAL_NVIC_EnableIRQ                                obj/stm32f1xx_hal_cortex.o
HAL_NVIC_GetActive                                obj/stm32f1xx_hal_cortex.o
HAL_NVIC_GetPendingIRQ                            obj/stm32f1xx_hal_cortex.o
HAL_NVIC_GetPriority                              obj/stm32f1xx_hal_cortex.o
HAL_NVIC_GetPriorityGrouping                      obj/stm32f1xx_hal_cortex.o
HAL_NVIC_SetPendingIRQ                            obj/stm32f1xx_hal_cortex.o
HAL_NVIC_SetPriority                              obj/stm32f1xx_hal_cortex.o
                                                  obj/stm32f1xx_hal.o
HAL_NVIC_SetPriorityGrouping                      obj/stm32f1xx_hal_cortex.o
                                                  obj/stm32f1xx_hal.o
HAL_NVIC_SystemReset                              obj/stm32f1xx_hal_cortex.o
                                                  obj/stm32f1xx_hal_flash.o
HAL_PPP_MspDeInit                                 obj/stm32f1xx_hal_msp_template.o
HAL_PPP_MspInit                                   obj/stm32f1xx_hal_msp_template.o
HAL_PWR_ConfigPVD                                 obj/stm32f1xx_hal_pwr.o
HAL_PWR_DeInit                                    obj/stm32f1xx_hal_pwr.o
HAL_PWR_DisableBkUpAccess                         obj/stm32f1xx_hal_pwr.o
HAL_PWR_DisablePVD                                obj/stm32f1xx_hal_pwr.o
HAL_PWR_DisableSEVOnPend                          obj/stm32f1xx_hal_pwr.o
HAL_PWR_DisableSleepOnExit                        obj/stm32f1xx_hal_pwr.o
HAL_PWR_DisableWakeUpPin                          obj/stm32f1xx_hal_pwr.o
HAL_PWR_EnableBkUpAccess                          obj/stm32f1xx_hal_pwr.o
HAL_PWR_EnablePVD                                 obj/stm32f1xx_hal_pwr.o
HAL_PWR_EnableSEVOnPend                           obj/stm32f1xx_hal_pwr.o
HAL_PWR_EnableSleepOnExit                         obj/stm32f1xx_hal_pwr.o
HAL_PWR_EnableWakeUpPin                           obj/stm32f1xx_hal_pwr.o
HAL_PWR_EnterSLEEPMode                            obj/stm32f1xx_hal_pwr.o
HAL_PWR_EnterSTANDBYMode                          obj/stm32f1xx_hal_pwr.o
HAL_PWR_EnterSTOPMode                             obj/stm32f1xx_hal_pwr.o
HAL_PWR_PVDCallback                               obj/stm32f1xx_hal_pwr.o
HAL_PWR_PVD_IRQHandler                            obj/stm32f1xx_hal_pwr.o
HAL_RCCEx_GetPeriphCLKConfig                      obj/stm32f1xx_hal_rcc_ex.o
HAL_RCCEx_GetPeriphCLKFreq                        obj/stm32f1xx_hal_rcc_ex.o
                                                  obj/stm32f1xx_hal_rtc.o
                                                  obj/stm32f1xx_hal_adc_ex.o
                                                  obj/stm32f1xx_hal_adc.o
HAL_RCCEx_PeriphCLKConfig                         obj/stm32f1xx_hal_rcc_ex.o
HAL_RCC_CSSCallback                               obj/stm32f1xx_hal_rcc.o
HAL_RCC_ClockConfig                               obj/stm32f1xx_hal_rcc.o
HAL_RCC_DeInit                                    obj/stm32f1xx_hal_rcc.o
HAL_RCC_DisableCSS                                obj/stm32f1xx_hal_rcc.o
HAL_RCC_EnableCSS                                 obj/stm32f1xx_hal_rcc.o
HAL_RCC_GetClockConfig                            obj/stm32f1xx_hal_rcc.o
HAL_RCC_GetHCLKFreq                               obj/stm32f1xx_hal_rcc.o
HAL_RCC_GetOscConfig                              obj/stm32f1xx_hal_rcc.o
HAL_RCC_GetPCLK1Freq                              obj/stm32f1xx_hal_rcc.o
                                                  obj/stm32f1xx_hal_usart.o
                                                  obj/stm32f1xx_hal_uart.o
                                                  obj/stm32f1xx_hal_smartcard.o
                                                  obj/stm32f1xx_hal_irda.o
                                                  obj/stm32f1xx_hal_i2c.o
                                                  obj/stm32f1xx_hal_cec.o
HAL_RCC_GetPCLK2Freq                              obj/stm32f1xx_hal_rcc.o
                                                  obj/stm32f1xx_hal_usart.o
                                                  obj/stm32f1xx_hal_uart.o
                                                  obj/stm32f1xx_hal_smartcard.o
                                                  obj/stm32f1xx_hal_rcc_ex.o
                                                  obj/stm32f1xx_hal_irda.o
HAL_RCC_GetSysClockFreq                           obj/stm32f1xx_hal_rcc.o
HAL_RCC_MCOConfig                                 obj/stm32f1xx_hal_rcc.o
HAL_RCC_NMI_IRQHandler                            obj/stm32f1xx_hal_rcc.o
HAL_RCC_OscConfig                                 obj/stm32f1xx_hal_rcc.o
HAL_RTCEx_BKUPRead                                obj/stm32f1xx_hal_rtc_ex.o
HAL_RTCEx_BKUPWrite                               obj/stm32f1xx_hal_rtc_ex.o
HAL_RTCEx_DeactivateSecond                        obj/stm32f1xx_hal_rtc_ex.o
HAL_RTCEx_DeactivateTamper                        obj/stm32f1xx_hal_rtc_ex.o
HAL_RTCEx_PollForTamper1Event                     obj/stm32f1xx_hal_rtc_ex.o
HAL_RTCEx_RTCEventCallback                        obj/stm32f1xx_hal_rtc_ex.o
HAL_RTCEx_RTCEventErrorCallback                   obj/stm32f1xx_hal_rtc_ex.o
HAL_RTCEx_RTCIRQHandler                           obj/stm32f1xx_hal_rtc_ex.o
HAL_RTCEx_SetSecond_IT                            obj/stm32f1xx_hal_rtc_ex.o
HAL_RTCEx_SetSmoothCalib                          obj/stm32f1xx_hal_rtc_ex.o
HAL_RTCEx_SetTamper                               obj/stm32f1xx_hal_rtc_ex.o
HAL_RTCEx_SetTamper_IT                            obj/stm32f1xx_hal_rtc_ex.o
HAL_RTCEx_Tamper1EventCallback                    obj/stm32f1xx_hal_rtc_ex.o
HAL_RTCEx_TamperIRQHandler                        obj/stm32f1xx_hal_rtc_ex.o
HAL_RTC_AlarmAEventCallback                       obj/stm32f1xx_hal_rtc.o
HAL_RTC_AlarmIRQHandler                           obj/stm32f1xx_hal_rtc.o
HAL_RTC_DeInit                                    obj/stm32f1xx_hal_rtc.o
HAL_RTC_DeactivateAlarm                           obj/stm32f1xx_hal_rtc.o
HAL_RTC_GetAlarm                                  obj/stm32f1xx_hal_rtc.o
HAL_RTC_GetDate                                   obj/stm32f1xx_hal_rtc.o
HAL_RTC_GetState                                  obj/stm32f1xx_hal_rtc.o
HAL_RTC_GetTime                                   obj/stm32f1xx_hal_rtc.o
HAL_RTC_Init                                      obj/stm32f1xx_hal_rtc.o
HAL_RTC_MspDeInit                                 obj/stm32f1xx_hal_rtc.o
HAL_RTC_MspInit                                   obj/stm32f1xx_hal_rtc.o
HAL_RTC_PollForAlarmAEvent                        obj/stm32f1xx_hal_rtc.o
HAL_RTC_SetAlarm                                  obj/stm32f1xx_hal_rtc.o
HAL_RTC_SetAlarm_IT                               obj/stm32f1xx_hal_rtc.o
HAL_RTC_SetDate                                   obj/stm32f1xx_hal_rtc.o
HAL_RTC_SetTime                                   obj/stm32f1xx_hal_rtc.o
HAL_RTC_WaitForSynchro                            obj/stm32f1xx_hal_rtc.o
HAL_ResumeTick                                    obj/stm32f1xx_hal.o
HAL_SMARTCARD_Abort                               obj/stm32f1xx_hal_smartcard.o
HAL_SMARTCARD_AbortCpltCallback                   obj/stm32f1xx_hal_smartcard.o
HAL_SMARTCARD_AbortReceive                        obj/stm32f1xx_hal_smartcard.o
HAL_SMARTCARD_AbortReceiveCpltCallback            obj/stm32f1xx_hal_smartcard.o
HAL_SMARTCARD_AbortReceive_IT                     obj/stm32f1xx_hal_smartcard.o
HAL_SMARTCARD_AbortTransmit                       obj/stm32f1xx_hal_smartcard.o
HAL_SMARTCARD_AbortTransmitCpltCallback           obj/stm32f1xx_hal_smartcard.o
HAL_SMARTCARD_AbortTransmit_IT                    obj/stm32f1xx_hal_smartcard.o
HAL_SMARTCARD_Abort_IT                            obj/stm32f1xx_hal_smartcard.o
HAL_SMARTCARD_DeInit                              obj/stm32f1xx_hal_smartcard.o
HAL_SMARTCARD_ErrorCallback                       obj/stm32f1xx_hal_smartcard.o
HAL_SMARTCARD_GetError                            obj/stm32f1xx_hal_smartcard.o
HAL_SMARTCARD_GetState                            obj/stm32f1xx_hal_smartcard.o
HAL_SMARTCARD_IRQHandler                          obj/stm32f1xx_hal_smartcard.o
HAL_SMARTCARD_Init                                obj/stm32f1xx_hal_smartcard.o
HAL_SMARTCARD_MspDeInit                           obj/stm32f1xx_hal_smartcard.o
HAL_SMARTCARD_MspInit                             obj/stm32f1xx_hal_smartcard.o
HAL_SMARTCARD_Receive                             obj/stm32f1xx_hal_smartcard.o
HAL_SMARTCARD_Receive_DMA                         obj/stm32f1xx_hal_smartcard.o
HAL_SMARTCARD_Receive_IT                          obj/stm32f1xx_hal_smartcard.o
HAL_SMARTCARD_RxCpltCallback                      obj/stm32f1xx_hal_smartcard.o
HAL_SMARTCARD_Transmit                            obj/stm32f1xx_hal_smartcard.o
HAL_SMARTCARD_Transmit_DMA                        obj/stm32f1xx_hal_smartcard.o
HAL_SMARTCARD_Transmit_IT                         obj/stm32f1xx_hal_smartcard.o
HAL_SMARTCARD_TxCpltCallback                      obj/stm32f1xx_hal_smartcard.o
HAL_SPI_Abort                                     obj/stm32f1xx_hal_spi.o
HAL_SPI_AbortCpltCallback                         obj/stm32f1xx_hal_spi.o
HAL_SPI_Abort_IT                                  obj/stm32f1xx_hal_spi.o
HAL_SPI_DMAPause                                  obj/stm32f1xx_hal_spi.o
HAL_SPI_DMAResume                                 obj/stm32f1xx_hal_spi.o
HAL_SPI_DMAStop                                   obj/stm32f1xx_hal_spi.o
HAL_SPI_DeInit                                    obj/stm32f1xx_hal_spi.o
HAL_SPI_ErrorCallback                             obj/stm32f1xx_hal_spi.o
HAL_SPI_GetError                                  obj/stm32f1xx_hal_spi.o
HAL_SPI_GetState                                  obj/stm32f1xx_hal_spi.o
HAL_SPI_IRQHandler                                obj/stm32f1xx_hal_spi.o
HAL_SPI_Init                                      obj/stm32f1xx_hal_spi_ex.o
                                                  obj/stm32f1xx_hal_spi.o
HAL_SPI_MspDeInit                                 obj/stm32f1xx_hal_spi.o
HAL_SPI_MspInit                                   obj/stm32f1xx_hal_spi.o
                                                  obj/stm32f1xx_hal_spi_ex.o
HAL_SPI_Receive                                   obj/stm32f1xx_hal_spi.o
HAL_SPI_Receive_DMA                               obj/stm32f1xx_hal_spi.o
HAL_SPI_Receive_IT                                obj/stm32f1xx_hal_spi.o
HAL_SPI_RxCpltCallback                            obj/stm32f1xx_hal_spi.o
HAL_SPI_RxHalfCpltCallback                        obj/stm32f1xx_hal_spi.o
HAL_SPI_Transmit                                  obj/stm32f1xx_hal_spi.o
HAL_SPI_TransmitReceive                           obj/stm32f1xx_hal_spi.o
HAL_SPI_TransmitReceive_DMA                       obj/stm32f1xx_hal_spi.o
HAL_SPI_TransmitReceive_IT                        obj/stm32f1xx_hal_spi.o
HAL_SPI_Transmit_DMA                              obj/stm32f1xx_hal_spi.o
HAL_SPI_Transmit_IT                               obj/stm32f1xx_hal_spi.o
HAL_SPI_TxCpltCallback                            obj/stm32f1xx_hal_spi.o
HAL_SPI_TxHalfCpltCallback                        obj/stm32f1xx_hal_spi.o
HAL_SPI_TxRxCpltCallback                          obj/stm32f1xx_hal_spi.o
HAL_SPI_TxRxHalfCpltCallback                      obj/stm32f1xx_hal_spi.o
HAL_SYSTICK_CLKSourceConfig                       obj/stm32f1xx_hal_cortex.o
HAL_SYSTICK_Callback                              obj/stm32f1xx_hal_cortex.o
HAL_SYSTICK_Config                                obj/stm32f1xx_hal_cortex.o
                                                  obj/stm32f1xx_hal.o
HAL_SYSTICK_IRQHandler                            obj/stm32f1xx_hal_cortex.o
HAL_SuspendTick                                   obj/stm32f1xx_hal.o
HAL_TIMEx_BreakCallback                           obj/stm32f1xx_hal_tim_ex.o
                                                  obj/stm32f1xx_hal_tim.o
HAL_TIMEx_CommutationCallback                     obj/stm32f1xx_hal_tim_ex.o
                                                  obj/stm32f1xx_hal_tim.o
HAL_TIMEx_ConfigBreakDeadTime                     obj/stm32f1xx_hal_tim_ex.o
HAL_TIMEx_ConfigCommutationEvent                  obj/stm32f1xx_hal_tim_ex.o
HAL_TIMEx_ConfigCommutationEvent_DMA              obj/stm32f1xx_hal_tim_ex.o
HAL_TIMEx_ConfigCommutationEvent_IT               obj/stm32f1xx_hal_tim_ex.o
HAL_TIMEx_HallSensor_DeInit                       obj/stm32f1xx_hal_tim_ex.o
HAL_TIMEx_HallSensor_GetState                     obj/stm32f1xx_hal_tim_ex.o
HAL_TIMEx_HallSensor_Init                         obj/stm32f1xx_hal_tim_ex.o
HAL_TIMEx_HallSensor_MspDeInit                    obj/stm32f1xx_hal_tim_ex.o
HAL_TIMEx_HallSensor_MspInit                      obj/stm32f1xx_hal_tim_ex.o
HAL_TIMEx_HallSensor_Start                        obj/stm32f1xx_hal_tim_ex.o
HAL_TIMEx_HallSensor_Start_DMA                    obj/stm32f1xx_hal_tim_ex.o
HAL_TIMEx_HallSensor_Start_IT                     obj/stm32f1xx_hal_tim_ex.o
HAL_TIMEx_HallSensor_Stop                         obj/stm32f1xx_hal_tim_ex.o
HAL_TIMEx_HallSensor_Stop_DMA                     obj/stm32f1xx_hal_tim_ex.o
HAL_TIMEx_HallSensor_Stop_IT                      obj/stm32f1xx_hal_tim_ex.o
HAL_TIMEx_MasterConfigSynchronization             obj/stm32f1xx_hal_tim_ex.o
HAL_TIMEx_OCN_Start                               obj/stm32f1xx_hal_tim_ex.o
HAL_TIMEx_OCN_Start_DMA                           obj/stm32f1xx_hal_tim_ex.o
HAL_TIMEx_OCN_Start_IT                            obj/stm32f1xx_hal_tim_ex.o
HAL_TIMEx_OCN_Stop                                obj/stm32f1xx_hal_tim_ex.o
HAL_TIMEx_OCN_Stop_DMA                            obj/stm32f1xx_hal_tim_ex.o
HAL_TIMEx_OCN_Stop_IT                             obj/stm32f1xx_hal_tim_ex.o
HAL_TIMEx_OnePulseN_Start                         obj/stm32f1xx_hal_tim_ex.o
HAL_TIMEx_OnePulseN_Start_IT                      obj/stm32f1xx_hal_tim_ex.o
HAL_TIMEx_OnePulseN_Stop                          obj/stm32f1xx_hal_tim_ex.o
HAL_TIMEx_OnePulseN_Stop_IT                       obj/stm32f1xx_hal_tim_ex.o
HAL_TIMEx_PWMN_Start                              obj/stm32f1xx_hal_tim_ex.o
HAL_TIMEx_PWMN_Start_DMA                          obj/stm32f1xx_hal_tim_ex.o
HAL_TIMEx_PWMN_Start_IT                           obj/stm32f1xx_hal_tim_ex.o
HAL_TIMEx_PWMN_Stop                               obj/stm32f1xx_hal_tim_ex.o
HAL_TIMEx_PWMN_Stop_DMA                           obj/stm32f1xx_hal_tim_ex.o
HAL_TIMEx_PWMN_Stop_IT                            obj/stm32f1xx_hal_tim_ex.o
HAL_TIM_Base_DeInit                               obj/stm32f1xx_hal_tim.o
HAL_TIM_Base_GetState                             obj/stm32f1xx_hal_tim.o
HAL_TIM_Base_Init                                 obj/stm32f1xx_hal_tim.o
HAL_TIM_Base_MspDeInit                            obj/stm32f1xx_hal_tim.o
HAL_TIM_Base_MspInit                              obj/stm32f1xx_hal_tim.o
HAL_TIM_Base_Start                                obj/stm32f1xx_hal_tim.o
HAL_TIM_Base_Start_DMA                            obj/stm32f1xx_hal_tim.o
HAL_TIM_Base_Start_IT                             obj/stm32f1xx_hal_tim.o
HAL_TIM_Base_Stop                                 obj/stm32f1xx_hal_tim.o
HAL_TIM_Base_Stop_DMA                             obj/stm32f1xx_hal_tim.o
HAL_TIM_Base_Stop_IT                              obj/stm32f1xx_hal_tim.o
HAL_TIM_ConfigClockSource                         obj/stm32f1xx_hal_tim.o
HAL_TIM_ConfigOCrefClear                          obj/stm32f1xx_hal_tim.o
HAL_TIM_ConfigTI1Input                            obj/stm32f1xx_hal_tim.o
HAL_TIM_DMABurst_ReadStart                        obj/stm32f1xx_hal_tim.o
HAL_TIM_DMABurst_ReadStop                         obj/stm32f1xx_hal_tim.o
HAL_TIM_DMABurst_WriteStart                       obj/stm32f1xx_hal_tim.o
HAL_TIM_DMABurst_WriteStop                        obj/stm32f1xx_hal_tim.o
HAL_TIM_Encoder_DeInit                            obj/stm32f1xx_hal_tim.o
HAL_TIM_Encoder_GetState                          obj/stm32f1xx_hal_tim.o
HAL_TIM_Encoder_Init                              obj/stm32f1xx_hal_tim.o
HAL_TIM_Encoder_MspDeInit                         obj/stm32f1xx_hal_tim.o
HAL_TIM_Encoder_MspInit                           obj/stm32f1xx_hal_tim.o
HAL_TIM_Encoder_Start                             obj/stm32f1xx_hal_tim.o
HAL_TIM_Encoder_Start_DMA                         obj/stm32f1xx_hal_tim.o
HAL_TIM_Encoder_Start_IT                          obj/stm32f1xx_hal_tim.o
HAL_TIM_Encoder_Stop                              obj/stm32f1xx_hal_tim.o
HAL_TIM_Encoder_Stop_DMA                          obj/stm32f1xx_hal_tim.o
HAL_TIM_Encoder_Stop_IT                           obj/stm32f1xx_hal_tim.o
HAL_TIM_ErrorCallback                             obj/stm32f1xx_hal_tim.o
HAL_TIM_GenerateEvent                             obj/stm32f1xx_hal_tim.o
HAL_TIM_IC_CaptureCallback                        obj/stm32f1xx_hal_tim.o
HAL_TIM_IC_ConfigChannel                          obj/stm32f1xx_hal_tim.o
HAL_TIM_IC_DeInit                                 obj/stm32f1xx_hal_tim.o
HAL_TIM_IC_GetState                               obj/stm32f1xx_hal_tim.o
HAL_TIM_IC_Init                                   obj/stm32f1xx_hal_tim.o
HAL_TIM_IC_MspDeInit                              obj/stm32f1xx_hal_tim.o
HAL_TIM_IC_MspInit                                obj/stm32f1xx_hal_tim.o
HAL_TIM_IC_Start                                  obj/stm32f1xx_hal_tim.o
HAL_TIM_IC_Start_DMA                              obj/stm32f1xx_hal_tim.o
HAL_TIM_IC_Start_IT                               obj/stm32f1xx_hal_tim.o
HAL_TIM_IC_Stop                                   obj/stm32f1xx_hal_tim.o
HAL_TIM_IC_Stop_DMA                               obj/stm32f1xx_hal_tim.o
HAL_TIM_IC_Stop_IT                                obj/stm32f1xx_hal_tim.o
HAL_TIM_IRQHandler                                obj/stm32f1xx_hal_tim.o
HAL_TIM_OC_ConfigChannel                          obj/stm32f1xx_hal_tim.o
HAL_TIM_OC_DeInit                                 obj/stm32f1xx_hal_tim.o
HAL_TIM_OC_DelayElapsedCallback                   obj/stm32f1xx_hal_tim.o
HAL_TIM_OC_GetState                               obj/stm32f1xx_hal_tim.o
HAL_TIM_OC_Init                                   obj/stm32f1xx_hal_tim.o
HAL_TIM_OC_MspDeInit                              obj/stm32f1xx_hal_tim.o
HAL_TIM_OC_MspInit                                obj/stm32f1xx_hal_tim.o
HAL_TIM_OC_Start                                  obj/stm32f1xx_hal_tim.o
HAL_TIM_OC_Start_DMA                              obj/stm32f1xx_hal_tim.o
HAL_TIM_OC_Start_IT                               obj/stm32f1xx_hal_tim.o
HAL_TIM_OC_Stop                                   obj/stm32f1xx_hal_tim.o
HAL_TIM_OC_Stop_DMA                               obj/stm32f1xx_hal_tim.o
HAL_TIM_OC_Stop_IT                                obj/stm32f1xx_hal_tim.o
HAL_TIM_OnePulse_ConfigChannel                    obj/stm32f1xx_hal_tim.o
HAL_TIM_OnePulse_DeInit                           obj/stm32f1xx_hal_tim.o
HAL_TIM_OnePulse_GetState                         obj/stm32f1xx_hal_tim.o
HAL_TIM_OnePulse_Init                             obj/stm32f1xx_hal_tim.o
HAL_TIM_OnePulse_MspDeInit                        obj/stm32f1xx_hal_tim.o
HAL_TIM_OnePulse_MspInit                          obj/stm32f1xx_hal_tim.o
HAL_TIM_OnePulse_Start                            obj/stm32f1xx_hal_tim.o
HAL_TIM_OnePulse_Start_IT                         obj/stm32f1xx_hal_tim.o
HAL_TIM_OnePulse_Stop                             obj/stm32f1xx_hal_tim.o
HAL_TIM_OnePulse_Stop_IT                          obj/stm32f1xx_hal_tim.o
HAL_TIM_PWM_ConfigChannel                         obj/stm32f1xx_hal_tim.o
HAL_TIM_PWM_DeInit                                obj/stm32f1xx_hal_tim.o
HAL_TIM_PWM_GetState                              obj/stm32f1xx_hal_tim.o
HAL_TIM_PWM_Init                                  obj/stm32f1xx_hal_tim.o
HAL_TIM_PWM_MspDeInit                             obj/stm32f1xx_hal_tim.o
HAL_TIM_PWM_MspInit                               obj/stm32f1xx_hal_tim.o
HAL_TIM_PWM_PulseFinishedCallback                 obj/stm32f1xx_hal_tim.o
HAL_TIM_PWM_Start                                 obj/stm32f1xx_hal_tim.o
HAL_TIM_PWM_Start_DMA                             obj/stm32f1xx_hal_tim.o
HAL_TIM_PWM_Start_IT                              obj/stm32f1xx_hal_tim.o
HAL_TIM_PWM_Stop                                  obj/stm32f1xx_hal_tim.o
HAL_TIM_PWM_Stop_DMA                              obj/stm32f1xx_hal_tim.o
HAL_TIM_PWM_Stop_IT                               obj/stm32f1xx_hal_tim.o
HAL_TIM_PeriodElapsedCallback                     obj/stm32f1xx_hal_tim.o
HAL_TIM_ReadCapturedValue                         obj/stm32f1xx_hal_tim.o
HAL_TIM_SlaveConfigSynchronization                obj/stm32f1xx_hal_tim.o
HAL_TIM_SlaveConfigSynchronization_IT             obj/stm32f1xx_hal_tim.o
HAL_TIM_TriggerCallback                           obj/stm32f1xx_hal_tim.o
HAL_UART_Abort                                    obj/stm32f1xx_hal_uart.o
HAL_UART_AbortCpltCallback                        obj/stm32f1xx_hal_uart.o
HAL_UART_AbortReceive                             obj/stm32f1xx_hal_uart.o
HAL_UART_AbortReceiveCpltCallback                 obj/stm32f1xx_hal_uart.o
HAL_UART_AbortReceive_IT                          obj/stm32f1xx_hal_uart.o
HAL_UART_AbortTransmit                            obj/stm32f1xx_hal_uart.o
HAL_UART_AbortTransmitCpltCallback                obj/stm32f1xx_hal_uart.o
HAL_UART_AbortTransmit_IT                         obj/stm32f1xx_hal_uart.o
HAL_UART_Abort_IT                                 obj/stm32f1xx_hal_uart.o
HAL_UART_DMAPause                                 obj/stm32f1xx_hal_uart.o
HAL_UART_DMAResume                                obj/stm32f1xx_hal_uart.o
HAL_UART_DMAStop                                  obj/stm32f1xx_hal_uart.o
HAL_UART_DeInit                                   obj/stm32f1xx_hal_uart.o
HAL_UART_ErrorCallback                            obj/stm32f1xx_hal_uart.o
HAL_UART_GetError                                 obj/stm32f1xx_hal_uart.o
HAL_UART_GetState                                 obj/stm32f1xx_hal_uart.o
HAL_UART_IRQHandler                               obj/stm32f1xx_hal_uart.o
HAL_UART_Init                                     obj/stm32f1xx_hal_uart.o
HAL_UART_MspDeInit                                obj/stm32f1xx_hal_uart.o
HAL_UART_MspInit                                  obj/stm32f1xx_hal_uart.o
HAL_UART_Receive                                  obj/stm32f1xx_hal_uart.o
HAL_UART_Receive_DMA                              obj/stm32f1xx_hal_uart.o
HAL_UART_Receive_IT                               obj/stm32f1xx_hal_uart.o
HAL_UART_RxCpltCallback                           obj/stm32f1xx_hal_uart.o
HAL_UART_RxHalfCpltCallback                       obj/stm32f1xx_hal_uart.o
HAL_UART_Transmit                                 obj/stm32f1xx_hal_uart.o
HAL_UART_Transmit_DMA                             obj/stm32f1xx_hal_uart.o
HAL_UART_Transmit_IT                              obj/stm32f1xx_hal_uart.o
HAL_UART_TxCpltCallback                           obj/stm32f1xx_hal_uart.o
HAL_UART_TxHalfCpltCallback                       obj/stm32f1xx_hal_uart.o
HAL_USART_Abort                                   obj/stm32f1xx_hal_usart.o
HAL_USART_AbortCpltCallback                       obj/stm32f1xx_hal_usart.o
HAL_USART_Abort_IT                                obj/stm32f1xx_hal_usart.o
HAL_USART_DMAPause                                obj/stm32f1xx_hal_usart.o
HAL_USART_DMAResume                               obj/stm32f1xx_hal_usart.o
HAL_USART_DMAStop                                 obj/stm32f1xx_hal_usart.o
HAL_USART_DeInit                                  obj/stm32f1xx_hal_usart.o
HAL_USART_ErrorCallback                           obj/stm32f1xx_hal_usart.o
HAL_USART_GetError                                obj/stm32f1xx_hal_usart.o
HAL_USART_GetState                                obj/stm32f1xx_hal_usart.o
HAL_USART_IRQHandler                              obj/stm32f1xx_hal_usart.o
HAL_USART_Init                                    obj/stm32f1xx_hal_usart.o
HAL_USART_MspDeInit                               obj/stm32f1xx_hal_usart.o
HAL_USART_MspInit                                 obj/stm32f1xx_hal_usart.o
HAL_USART_Receive                                 obj/stm32f1xx_hal_usart.o
HAL_USART_Receive_DMA                             obj/stm32f1xx_hal_usart.o
HAL_USART_Receive_IT                              obj/stm32f1xx_hal_usart.o
HAL_USART_RxCpltCallback                          obj/stm32f1xx_hal_usart.o
HAL_USART_RxHalfCpltCallback                      obj/stm32f1xx_hal_usart.o
HAL_USART_Transmit                                obj/stm32f1xx_hal_usart.o
HAL_USART_TransmitReceive                         obj/stm32f1xx_hal_usart.o
HAL_USART_TransmitReceive_DMA                     obj/stm32f1xx_hal_usart.o
HAL_USART_TransmitReceive_IT                      obj/stm32f1xx_hal_usart.o
HAL_USART_Transmit_DMA                            obj/stm32f1xx_hal_usart.o
HAL_USART_Transmit_IT                             obj/stm32f1xx_hal_usart.o
HAL_USART_TxCpltCallback                          obj/stm32f1xx_hal_usart.o
HAL_USART_TxHalfCpltCallback                      obj/stm32f1xx_hal_usart.o
HAL_USART_TxRxCpltCallback                        obj/stm32f1xx_hal_usart.o
HAL_WWDG_EarlyWakeupCallback                      obj/stm32f1xx_hal_wwdg.o
HAL_WWDG_IRQHandler                               obj/stm32f1xx_hal_wwdg.o
HAL_WWDG_Init                                     obj/stm32f1xx_hal_wwdg.o
HAL_WWDG_MspInit                                  obj/stm32f1xx_hal_wwdg.o
HAL_WWDG_Refresh                                  obj/stm32f1xx_hal_wwdg.o
HardFault_Handler                                 obj/stm32f1xx_it.o
I2C1_ER_IRQHandler                                obj/startup_stm32f10x_md_vl.o
I2C1_EV_IRQHandler                                obj/startup_stm32f10x_md_vl.o
I2C2_ER_IRQHandler                                obj/startup_stm32f10x_md_vl.o
I2C2_EV_IRQHandler                                obj/startup_stm32f10x_md_vl.o
LL_ADC_CommonDeInit                               obj/stm32f1xx_ll_adc.o
LL_ADC_CommonInit                                 obj/stm32f1xx_ll_adc.o
LL_ADC_CommonStructInit                           obj/stm32f1xx_ll_adc.o
LL_ADC_DeInit                                     obj/stm32f1xx_ll_adc.o
LL_ADC_INJ_Init                                   obj/stm32f1xx_ll_adc.o
LL_ADC_INJ_StructInit                             obj/stm32f1xx_ll_adc.o
LL_ADC_Init                                       obj/stm32f1xx_ll_adc.o
LL_ADC_REG_Init                                   obj/stm32f1xx_ll_adc.o
LL_ADC_REG_StructInit                             obj/stm32f1xx_ll_adc.o
LL_ADC_StructInit                                 obj/stm32f1xx_ll_adc.o
LL_CRC_DeInit                                     obj/stm32f1xx_ll_crc.o
LL_DAC_DeInit                                     obj/stm32f1xx_ll_dac.o
LL_DAC_Init                                       obj/stm32f1xx_ll_dac.o
LL_DAC_StructInit                                 obj/stm32f1xx_ll_dac.o
LL_DMA_DeInit                                     obj/stm32f1xx_ll_dma.o
LL_DMA_Init                                       obj/stm32f1xx_ll_dma.o
LL_DMA_StructInit                                 obj/stm32f1xx_ll_dma.o
LL_EXTI_DeInit                                    obj/stm32f1xx_ll_exti.o
LL_EXTI_Init                                      obj/stm32f1xx_ll_exti.o
LL_EXTI_StructInit                                obj/stm32f1xx_ll_exti.o
LL_GPIO_DeInit                                    obj/stm32f1xx_ll_gpio.o
LL_GPIO_Init                                      obj/stm32f1xx_ll_gpio.o
LL_GPIO_StructInit                                obj/stm32f1xx_ll_gpio.o
LL_I2C_DeInit                                     obj/stm32f1xx_ll_i2c.o
LL_I2C_Init                                       obj/stm32f1xx_ll_i2c.o
LL_I2C_StructInit                                 obj/stm32f1xx_ll_i2c.o
LL_Init1msTick                                    obj/stm32f1xx_ll_utils.o
LL_PLL_ConfigSystemClock_HSE                      obj/stm32f1xx_ll_utils.o
LL_PLL_ConfigSystemClock_HSI                      obj/stm32f1xx_ll_utils.o
LL_PWR_DeInit                                     obj/stm32f1xx_ll_pwr.o
LL_RCC_DeInit                                     obj/stm32f1xx_ll_rcc.o
LL_RCC_GetADCClockFreq                            obj/stm32f1xx_ll_rcc.o
LL_RCC_GetSystemClocksFreq                        obj/stm32f1xx_ll_rcc.o
                                                  obj/stm32f1xx_ll_usart.o
                                                  obj/stm32f1xx_ll_i2c.o
LL_RTC_ALARM_Init                                 obj/stm32f1xx_ll_rtc.o
LL_RTC_ALARM_SetCounter                           obj/stm32f1xx_ll_rtc.o
LL_RTC_ALARM_StructInit                           obj/stm32f1xx_ll_rtc.o
LL_RTC_DeInit                                     obj/stm32f1xx_ll_rtc.o
LL_RTC_EnterInitMode                              obj/stm32f1xx_ll_rtc.o
LL_RTC_ExitInitMode                               obj/stm32f1xx_ll_rtc.o
LL_RTC_Init                                       obj/stm32f1xx_ll_rtc.o
LL_RTC_StructInit                                 obj/stm32f1xx_ll_rtc.o
LL_RTC_TIME_Init                                  obj/stm32f1xx_ll_rtc.o
LL_RTC_TIME_SetCounter                            obj/stm32f1xx_ll_rtc.o
LL_RTC_TIME_StructInit                            obj/stm32f1xx_ll_rtc.o
LL_RTC_WaitForSynchro                             obj/stm32f1xx_ll_rtc.o
LL_SPI_DeInit                                     obj/stm32f1xx_ll_spi.o
LL_SPI_Init                                       obj/stm32f1xx_ll_spi.o
LL_SPI_StructInit                                 obj/stm32f1xx_ll_spi.o
LL_SetSystemCoreClock                             obj/stm32f1xx_ll_utils.o
LL_TIM_BDTR_Init                                  obj/stm32f1xx_ll_tim.o
LL_TIM_BDTR_StructInit                            obj/stm32f1xx_ll_tim.o
LL_TIM_DeInit                                     obj/stm32f1xx_ll_tim.o
LL_TIM_ENCODER_Init                               obj/stm32f1xx_ll_tim.o
LL_TIM_ENCODER_StructInit                         obj/stm32f1xx_ll_tim.o
LL_TIM_HALLSENSOR_Init                            obj/stm32f1xx_ll_tim.o
LL_TIM_HALLSENSOR_StructInit                      obj/stm32f1xx_ll_tim.o
LL_TIM_IC_Init                                    obj/stm32f1xx_ll_tim.o
LL_TIM_IC_StructInit                              obj/stm32f1xx_ll_tim.o
LL_TIM_Init                                       obj/stm32f1xx_ll_tim.o
LL_TIM_OC_Init                                    obj/stm32f1xx_ll_tim.o
LL_TIM_OC_StructInit                              obj/stm32f1xx_ll_tim.o
LL_TIM_StructInit                                 obj/stm32f1xx_ll_tim.o
LL_USART_ClockInit                                obj/stm32f1xx_ll_usart.o
LL_USART_ClockStructInit                          obj/stm32f1xx_ll_usart.o
LL_USART_DeInit                                   obj/stm32f1xx_ll_usart.o
LL_USART_Init                                     obj/stm32f1xx_ll_usart.o
LL_USART_StructInit                               obj/stm32f1xx_ll_usart.o
LL_mDelay                                         obj/stm32f1xx_ll_utils.o
MemManage_Handler                                 obj/stm32f1xx_it.o
NMI_Handler                                       obj/stm32f1xx_it.o
PVD_IRQHandler                                    obj/startup_stm32f10x_md_vl.o
PendSV_Handler                                    obj/stm32f1xx_it.o
RCC_GetHCLKClockFreq                              obj/stm32f1xx_ll_rcc.o
RCC_GetPCLK1ClockFreq                             obj/stm32f1xx_ll_rcc.o
RCC_GetPCLK2ClockFreq                             obj/stm32f1xx_ll_rcc.o
RCC_GetSystemClockFreq                            obj/stm32f1xx_ll_rcc.o
RCC_IRQHandler                                    obj/startup_stm32f10x_md_vl.o
RCC_PLL_GetFreqDomain_SYS                         obj/stm32f1xx_ll_rcc.o
RTCAlarm_IRQHandler                               obj/startup_stm32f10x_md_vl.o
RTC_IRQHandler                                    obj/startup_stm32f10x_md_vl.o
Reset_Handler                                     obj/startup_stm32f10x_md_vl.o
SPI1_IRQHandler                                   obj/startup_stm32f10x_md_vl.o
SPI2_IRQHandler                                   obj/startup_stm32f10x_md_vl.o
SPI_ISCRCErrorValid                               obj/stm32f1xx_hal_spi_ex.o
                                                  obj/stm32f1xx_hal_spi.o
SVC_Handler                                       obj/stm32f1xx_it.o
SysTick_Handler                                   obj/stm32f1xx_it.o
SystemClock_Config                                obj/main.o
SystemCoreClock                                   obj/system_stm32f1xx.o
                                                  obj/stm32f1xx_ll_utils.o
                                                  obj/stm32f1xx_hal_spi.o
                                                  obj/stm32f1xx_hal_rcc.o
                                                  obj/stm32f1xx_hal_i2c.o
                                                  obj/stm32f1xx_hal_adc_ex.o
                                                  obj/stm32f1xx_hal_adc.o
                                                  obj/stm32f1xx_hal.o
                                                  obj/main.o
SystemCoreClockUpdate                             obj/system_stm32f1xx.o
SystemInit                                        obj/system_stm32f1xx.o
                                                  obj/startup_stm32f10x_md_vl.o
TAMPER_IRQHandler                                 obj/startup_stm32f10x_md_vl.o
TIM1_BRK_IRQHandler                               obj/startup_stm32f10x_md_vl.o
TIM1_CC_IRQHandler                                obj/startup_stm32f10x_md_vl.o
TIM1_TRG_COM_IRQHandler                           obj/startup_stm32f10x_md_vl.o
TIM1_UP_IRQHandler                                obj/startup_stm32f10x_md_vl.o
TIM2_IRQHandler                                   obj/startup_stm32f10x_md_vl.o
TIM3_IRQHandler                                   obj/startup_stm32f10x_md_vl.o
TIM4_IRQHandler                                   obj/startup_stm32f10x_md_vl.o
TIMEx_DMACommutationCplt                          obj/stm32f1xx_hal_tim_ex.o
                                                  obj/stm32f1xx_hal_tim.o
TIM_Base_SetConfig                                obj/stm32f1xx_hal_tim.o
                                                  obj/stm32f1xx_hal_tim_ex.o
TIM_CCxChannelCmd                                 obj/stm32f1xx_hal_tim.o
                                                  obj/stm32f1xx_hal_tim_ex.o
TIM_DMACaptureCplt                                obj/stm32f1xx_hal_tim.o
                                                  obj/stm32f1xx_hal_tim_ex.o
TIM_DMADelayPulseCplt                             obj/stm32f1xx_hal_tim.o
                                                  obj/stm32f1xx_hal_tim_ex.o
TIM_DMAError                                      obj/stm32f1xx_hal_tim.o
                                                  obj/stm32f1xx_hal_tim_ex.o
TIM_OC2_SetConfig                                 obj/stm32f1xx_hal_tim.o
                                                  obj/stm32f1xx_hal_tim_ex.o
TIM_TI1_SetConfig                                 obj/stm32f1xx_hal_tim.o
                                                  obj/stm32f1xx_hal_tim_ex.o
USART1_IRQHandler                                 obj/startup_stm32f10x_md_vl.o
USART2_IRQHandler                                 obj/startup_stm32f10x_md_vl.o
USART3_IRQHandler                                 obj/startup_stm32f10x_md_vl.o
USBWakeUp_IRQHandler                              obj/startup_stm32f10x_md_vl.o
USB_HP_CAN1_TX_IRQHandler                         obj/startup_stm32f10x_md_vl.o
USB_LP_CAN1_RX0_IRQHandler                        obj/startup_stm32f10x_md_vl.o
UsageFault_Handler                                obj/stm32f1xx_it.o
WWDG_IRQHandler                                   obj/startup_stm32f10x_md_vl.o
_ebss                                             obj/startup_stm32f10x_md_vl.o
_edata                                            obj/startup_stm32f10x_md_vl.o
_estack                                           obj/startup_stm32f10x_md_vl.o
_sbss                                             obj/startup_stm32f10x_md_vl.o
_sdata                                            obj/startup_stm32f10x_md_vl.o
_sidata                                           obj/startup_stm32f10x_md_vl.o
delay                                             obj/main.o
g_pfnVectors                                      obj/startup_stm32f10x_md_vl.o
main                                              obj/main.o
                                                  obj/startup_stm32f10x_md_vl.o
pFlash                                            obj/stm32f1xx_hal_flash.o
                                                  obj/stm32f1xx_hal_flash_ex.o
uCRCErrorWorkaroundCheck                          obj/stm32f1xx_hal_spi_ex.o
uwTick                                            obj/stm32f1xx_hal.o
