<html>
<body>
<pre>
<h1>µVision Build Log</h1>
<h2>Tool Versions:</h2>
IDE-Version: µVision V5.15
Copyright (C) 2015 ARM Ltd and ARM Germany GmbH. All rights reserved.
License Information: Segey user, 123, LIC=----
 
Tool Versions:
Toolchain:       MDK-Lite  Version: 5.15.0
Toolchain Path:  C:\Keil_v5\ARM\ARMCC\Bin
C Compiler:      Armcc.exe V5.05 update 2 (build 169)
Assembler:       Armasm.exe V5.05 update 2 (build 169)
Linker/Locator:  ArmLink.exe V5.05 update 2 (build 169)
Library Manager: ArmAr.exe V5.05 update 2 (build 169)
Hex Converter:   FromElf.exe V5.05 update 2 (build 169)
CPU DLL:         SARMCM3.DLL V5.15.0
Dialog DLL:      DCM.DLL V1.13.2.0
Target DLL:      STLink\ST-LINKIII-KEIL_SWO.dll V2.0.15.0_KEIL
Dialog DLL:      TCM.DLL V1.14.5.0
 
<h2>Project:</h2>
C:\content\github\stm32f10x_QuickStart\MDK-ARM\MDK-ARM.uvprojx
Project File Date:  12/05/2017

<h2>Output:</h2>
*** Using Compiler 'V5.05 update 2 (build 169)', folder: 'C:\Keil_v5\ARM\ARMCC\Bin'
Build target 'STM32VL-Discovery'
compiling system_stm32f1xx.c...
compiling stm32f1xx_ll_utils.c...
compiling stm32f1xx_ll_usart.c...
compiling stm32f1xx_ll_tim.c...
compiling stm32f1xx_ll_spi.c...
compiling stm32f1xx_ll_rtc.c...
compiling stm32f1xx_ll_rcc.c...
compiling stm32f1xx_ll_pwr.c...
compiling stm32f1xx_ll_gpio.c...
compiling stm32f1xx_ll_exti.c...
compiling stm32f1xx_ll_dma.c...
compiling stm32f1xx_ll_dac.c...
compiling stm32f1xx_ll_crc.c...
compiling stm32f1xx_ll_adc.c...
compiling main.c...
compiling stm32f1xx_it.c...
compiling _Handler.c...
compiling _Device.c...
compiling host_proc.c...
compiling host.c...
compiling hostapi_CMSIS.c...
compiling hostapi_MCU.c...
compiling crc.c...
linking...
Program Size: Code=4628 RO-data=476 RW-data=36 ZI-data=2780  
"STM32VL-Discovery\STM32VL-Discovery.axf" - 0 Error(s), 0 Warning(s).

<h2>Software Packages used:</h2>

Package Vendor: ARM
                http://www.keil.com/pack/ARM.CMSIS.4.5.0.pack
                ARM::CMSIS:CORE:4.3.0
                CMSIS (Cortex Microcontroller Software Interface Standard)
   * Component: CORE Version: 4.3.0

<h2>Collection of Component include folders:</h2>
  C:\content\github\stm32f10x_QuickStart\MDK-ARM\RTE
  C:\Keil_v5\ARM\PACK\ARM\CMSIS\4.5.0\CMSIS\Include
  C:\Keil_v5\ARM\PACK\Keil\STM32F1xx_DFP\2.2.0\Device\Include

<h2>Collection of Component Files used:</h2>

   * Component: ARM::CMSIS:CORE:4.3.0
</pre>
</body>
</html>
