Component: ARM Compiler 5.05 update 2 (build 169) Tool: armlink [4d0f33]

==============================================================================

Section Cross References

    startup_stm32f100xb.o(STACK) refers (Special) to heapauxi.o(.text) for __use_two_region_memory
    startup_stm32f100xb.o(HEAP) refers (Special) to heapauxi.o(.text) for __use_two_region_memory
    startup_stm32f100xb.o(RESET) refers (Special) to heapauxi.o(.text) for __use_two_region_memory
    startup_stm32f100xb.o(RESET) refers to startup_stm32f100xb.o(STACK) for __initial_sp
    startup_stm32f100xb.o(RESET) refers to startup_stm32f100xb.o(.text) for Reset_Handler
    startup_stm32f100xb.o(RESET) refers to stm32f1xx_it.o(.text) for NMI_Handler
    startup_stm32f100xb.o(RESET) refers to device_handler.o(.text) for DMA1_Channel4_IRQHandler
    startup_stm32f100xb.o(.text) refers (Special) to heapauxi.o(.text) for __use_two_region_memory
    startup_stm32f100xb.o(.text) refers to system_stm32f1xx.o(.text) for SystemInit
    startup_stm32f100xb.o(.text) refers to __main.o(!!!main) for __main
    startup_stm32f100xb.o(.text) refers to startup_stm32f100xb.o(HEAP) for Heap_Mem
    startup_stm32f100xb.o(.text) refers to startup_stm32f100xb.o(STACK) for Stack_Mem
    system_stm32f1xx.o(.text) refers to system_stm32f1xx.o(.data) for SystemCoreClock
    system_stm32f1xx.o(.text) refers to system_stm32f1xx.o(.constdata) for AHBPrescTable
    stm32f1xx_ll_utils.o(.text) refers to system_stm32f1xx.o(.data) for SystemCoreClock
    stm32f1xx_ll_utils.o(.text) refers to system_stm32f1xx.o(.constdata) for AHBPrescTable
    stm32f1xx_ll_usart.o(.text) refers to stm32f1xx_ll_rcc.o(.text) for LL_RCC_GetSystemClocksFreq
    stm32f1xx_ll_rcc.o(.text) refers to system_stm32f1xx.o(.constdata) for APBPrescTable
    stm32f1xx_ll_dma.o(.text) refers to stm32f1xx_ll_dma.o(.constdata) for CHANNEL_OFFSET_TAB
    main.o(.text) refers to host_core.o(.text) for host_Bind
    main.o(.text) refers to device.o(.text) for INTERCOM_Setup
    main.o(.text) refers to system_stm32f1xx.o(.data) for SystemCoreClock
    main.o(.text) refers to api_mcu.o(.text) for hostapi_MCU_MEMREAD
    device_handler.o(.text) refers to crc.o(.text) for CRC32_Calc
    device_handler.o(.text) refers to host_core.o(.text) for host_Exec32
    device_handler.o(.text) refers to device.o(.data) for _xdma
    device_handler.o(.text) refers to device_handler.o(.constdata) for CHANNEL_OFFSET_TAB
    device_handler.o(.text) refers to device.o(.bss) for device_bufferRx
    device.o(.text) refers to rt_memcpy_v6.o(.text) for __aeabi_memcpy
    device.o(.text) refers to rt_memcpy_w.o(.text) for __aeabi_memcpy4
    device.o(.text) refers to stm32f1xx_ll_dma.o(.text) for LL_DMA_Init
    device.o(.text) refers to rt_memclr_w.o(.text) for __aeabi_memclr4
    device.o(.text) refers to stm32f1xx_ll_usart.o(.text) for LL_USART_Init
    device.o(.text) refers to device.o(.data) for tx
    device.o(.text) refers to device.o(.constdata) for CHANNEL_OFFSET_TAB
    device.o(.constdata) refers to device.o(.bss) for device_bufferTx
    device.o(.data) refers to device.o(.bss) for device_bufferTx
    host_vm.o(.text) refers to rt_memclr.o(.text) for __aeabi_memclr
    host_vm.o(.text) refers to rt_memcpy_v6.o(.text) for __aeabi_memcpy
    host_vm.o(.text) refers to host_vm.o(.bss) for vm_stream_0
    host_vm.o(.text) refers to host_vm.o(.data) for r_0
    host_vm.o(.text) refers to host_core.o(.bss) for vm_tableFunction
    host_core.o(.text) refers to h1_alloc.o(.text) for malloc
    host_core.o(.text) refers to host_core.o(.bss) for vm_tableFunction
    api_mcu.o(.text) refers to device.o(.text) for INTERCOM_Send
    malloc.o(.text) refers (Special) to hguard.o(.text) for __heap$guard
    malloc.o(.text) refers (Special) to init_alloc.o(.text) for _init_alloc
    malloc.o(.text) refers to rt_heap_descriptor_intlibspace.o(.text) for __rt_heap_descriptor
    malloc.o(.text) refers to heapstubs.o(.text) for __Heap_Alloc
    h1_alloc.o(.text) refers (Special) to h1_init.o(.text) for __Heap_Initialize
    h1_alloc.o(.text) refers to rt_heap_descriptor_intlibspace.o(.text) for __rt_heap_descriptor
    h1_alloc.o(.text) refers to init_alloc.o(.text) for __Heap_Full
    h1_alloc_mt.o(.text) refers (Special) to h1_init.o(.text) for __Heap_Initialize
    h1_alloc_mt.o(.text) refers to init_alloc.o(.text) for __Heap_Full
    h1_alloc_mt.o(.text) refers to rt_heap_descriptor_intlibspace.o(.text) for __rt_heap_descriptor
    heap2.o(i._FDIterate) refers to heap2.o(.conststring) for .conststring
    heap2.o(i.___Heap_ProvideMemory$realtime) refers to fdtree.o(i._FDTree_Delete) for _FDTree_Delete
    heap2.o(i.___Heap_ProvideMemory$realtime) refers to fdtree.o(i._FDTree_Insert) for _FDTree_Insert
    heap2.o(i.___Heap_Stats$realtime) refers to heap2.o(i._Heap2_StatsIterate) for _Heap2_StatsIterate
    heap2.o(i.___Heap_Valid$realtime) refers to heap2.o(i._FDIterate) for _FDIterate
    heap2.o(i.___Heap_Valid$realtime) refers to heap2.o(.conststring) for .conststring
    heap2.o(i._free$realtime) refers to rt_heap_descriptor_intlibspace.o(.text) for __rt_heap_descriptor
    heap2.o(i._free$realtime) refers to fdtree.o(i._FDTree_Delete) for _FDTree_Delete
    heap2.o(i._free$realtime) refers to fdtree.o(i._FDTree_Insert) for _FDTree_Insert
    heap2.o(i._malloc$realtime) refers to rt_heap_descriptor_intlibspace.o(.text) for __rt_heap_descriptor
    heap2.o(i._malloc$realtime) refers to fdtree.o(i._FDTree_FindFirst) for _FDTree_FindFirst
    heap2.o(i._malloc$realtime) refers to init_alloc.o(.text) for __Heap_Full
    heap2.o(i._malloc$realtime) refers to fdtree.o(i._FDTree_RemoveNode) for _FDTree_RemoveNode
    heap2.o(i._malloc$realtime) refers to fdtree.o(i._FDTree_Insert) for _FDTree_Insert
    heap2.o(i._posix_memalign$realtime) refers to rt_heap_descriptor_intlibspace.o(.text) for __rt_heap_descriptor
    heap2.o(i._posix_memalign$realtime) refers to fdtree.o(i._FDTree_FindFirst) for _FDTree_FindFirst
    heap2.o(i._posix_memalign$realtime) refers to init_alloc.o(.text) for __Heap_Full
    heap2.o(i._posix_memalign$realtime) refers to fdtree.o(i._FDTree_RemoveNode) for _FDTree_RemoveNode
    heap2.o(i._posix_memalign$realtime) refers to fdtree.o(i._FDTree_Insert) for _FDTree_Insert
    heap2.o(i._realloc$realtime) refers to rt_heap_descriptor_intlibspace.o(.text) for __rt_heap_descriptor
    heap2.o(i._realloc$realtime) refers to fdtree.o(i._FDTree_Insert) for _FDTree_Insert
    heap2.o(i._realloc$realtime) refers to h1_free.o(.text) for free
    heap2.o(i._realloc$realtime) refers to h1_alloc.o(.text) for malloc
    heap2.o(i._realloc$realtime) refers to fdtree.o(i._FDTree_Delete) for _FDTree_Delete
    heap2.o(i._realloc$realtime) refers to rt_memcpy_w.o(.text) for __aeabi_memcpy4
    heap2mt.o(i._FDIterate) refers to heap2mt.o(.conststring) for .conststring
    heap2mt.o(i.___Heap_Initialize$realtime$concurrent) refers to mutex_dummy.o(.text) for _mutex_initialize
    heap2mt.o(i.___Heap_ProvideMemory$realtime$concurrent) refers to fdtree.o(i._FDTree_Delete) for _FDTree_Delete
    heap2mt.o(i.___Heap_ProvideMemory$realtime$concurrent) refers to fdtree.o(i._FDTree_Insert) for _FDTree_Insert
    heap2mt.o(i.___Heap_Stats$realtime$concurrent) refers to heap2mt.o(i._Heap2_StatsIterate) for _Heap2_StatsIterate
    heap2mt.o(i.___Heap_Valid$realtime$concurrent) refers to heap2mt.o(i._FDIterate) for _FDIterate
    heap2mt.o(i.___Heap_Valid$realtime$concurrent) refers to heap2mt.o(.conststring) for .conststring
    heap2mt.o(i._free$realtime$concurrent) refers to rt_heap_descriptor_intlibspace.o(.text) for __rt_heap_descriptor
    heap2mt.o(i._free$realtime$concurrent) refers to fdtree.o(i._FDTree_Delete) for _FDTree_Delete
    heap2mt.o(i._free$realtime$concurrent) refers to fdtree.o(i._FDTree_Insert) for _FDTree_Insert
    heap2mt.o(i._malloc$realtime$concurrent) refers to rt_heap_descriptor_intlibspace.o(.text) for __rt_heap_descriptor
    heap2mt.o(i._malloc$realtime$concurrent) refers to fdtree.o(i._FDTree_FindFirst) for _FDTree_FindFirst
    heap2mt.o(i._malloc$realtime$concurrent) refers to init_alloc.o(.text) for __Heap_Full
    heap2mt.o(i._malloc$realtime$concurrent) refers to fdtree.o(i._FDTree_RemoveNode) for _FDTree_RemoveNode
    heap2mt.o(i._malloc$realtime$concurrent) refers to fdtree.o(i._FDTree_Insert) for _FDTree_Insert
    heap2mt.o(i._posix_memalign$realtime$concurrent) refers to rt_heap_descriptor_intlibspace.o(.text) for __rt_heap_descriptor
    heap2mt.o(i._posix_memalign$realtime$concurrent) refers to fdtree.o(i._FDTree_FindFirst) for _FDTree_FindFirst
    heap2mt.o(i._posix_memalign$realtime$concurrent) refers to init_alloc.o(.text) for __Heap_Full
    heap2mt.o(i._posix_memalign$realtime$concurrent) refers to fdtree.o(i._FDTree_RemoveNode) for _FDTree_RemoveNode
    heap2mt.o(i._posix_memalign$realtime$concurrent) refers to fdtree.o(i._FDTree_Insert) for _FDTree_Insert
    heap2mt.o(i._realloc$realtime$concurrent) refers to rt_heap_descriptor_intlibspace.o(.text) for __rt_heap_descriptor
    heap2mt.o(i._realloc$realtime$concurrent) refers to fdtree.o(i._FDTree_Insert) for _FDTree_Insert
    heap2mt.o(i._realloc$realtime$concurrent) refers to h1_free.o(.text) for free
    heap2mt.o(i._realloc$realtime$concurrent) refers to h1_alloc.o(.text) for malloc
    heap2mt.o(i._realloc$realtime$concurrent) refers to fdtree.o(i._FDTree_Delete) for _FDTree_Delete
    heap2mt.o(i._realloc$realtime$concurrent) refers to rt_memcpy_w.o(.text) for __aeabi_memcpy4
    rt_memcpy_v6.o(.text) refers to rt_memcpy_w.o(.text) for __aeabi_memcpy4
    rt_memclr.o(.text) refers to rt_memclr_w.o(.text) for _memset_w
    __main.o(!!!main) refers to __rtentry.o(.ARM.Collect$$rtentry$$00000000) for __rt_entry
    __rtentry.o(.ARM.Collect$$rtentry$$00000000) refers (Special) to __rtentry2.o(.ARM.Collect$$rtentry$$0000000A) for __rt_entry_li
    __rtentry.o(.ARM.Collect$$rtentry$$00000000) refers (Special) to __rtentry2.o(.ARM.Collect$$rtentry$$0000000D) for __rt_entry_main
    __rtentry.o(.ARM.Collect$$rtentry$$00000000) refers (Special) to __rtentry2.o(.ARM.Collect$$rtentry$$0000000C) for __rt_entry_postli_1
    __rtentry.o(.ARM.Collect$$rtentry$$00000000) refers (Special) to __rtentry2.o(.ARM.Collect$$rtentry$$00000009) for __rt_entry_postsh_1
    __rtentry.o(.ARM.Collect$$rtentry$$00000000) refers (Special) to __rtentry2.o(.ARM.Collect$$rtentry$$00000002) for __rt_entry_presh_1
    __rtentry.o(.ARM.Collect$$rtentry$$00000000) refers (Special) to __rtentry4.o(.ARM.Collect$$rtentry$$00000004) for __rt_entry_sh
    rt_heap_descriptor.o(.text) refers to rt_heap_descriptor.o(.bss) for __rt_heap_descriptor_data
    rt_heap_descriptor_intlibspace.o(.text) refers to libspace.o(.bss) for __libspace_start
    init_alloc.o(.text) refers (Special) to hguard.o(.text) for __heap$guard
    init_alloc.o(.text) refers (Special) to libinit2.o(.ARM.Collect$$libinit$$00000005) for __rt_lib_init_heap_2
    init_alloc.o(.text) refers (Special) to maybetermalloc1.o(.emb_text) for _maybe_terminate_alloc
    init_alloc.o(.text) refers to h1_extend.o(.text) for __Heap_ProvideMemory
    init_alloc.o(.text) refers to defsig_rtmem_outer.o(.text) for __rt_SIGRTMEM
    init_alloc.o(.text) refers to rt_heap_descriptor_intlibspace.o(.text) for __rt_heap_descriptor
    init_alloc.o(.text) refers to h1_init.o(.text) for __Heap_Initialize
    free.o(.text) refers (Special) to hguard.o(.text) for __heap$guard
    free.o(.text) refers to rt_heap_descriptor_intlibspace.o(.text) for __rt_heap_descriptor
    free.o(.text) refers to heapstubs.o(.text) for __Heap_Free
    h1_free.o(.text) refers to rt_heap_descriptor_intlibspace.o(.text) for __rt_heap_descriptor
    h1_init_mt.o(.text) refers to mutex_dummy.o(.text) for _mutex_initialize
    h1_free_mt.o(.text) refers to rt_heap_descriptor_intlibspace.o(.text) for __rt_heap_descriptor
    _get_argv.o(.text) refers (Special) to hrguard.o(.text) for __heap_region$guard
    _get_argv.o(.text) refers to h1_alloc.o(.text) for malloc
    _get_argv.o(.text) refers to defsig_rtmem_outer.o(.text) for __rt_SIGRTMEM
    _get_argv.o(.text) refers to sys_command.o(.text) for _sys_command_string
    libinit2.o(.ARM.Collect$$libinit$$00000005) refers (Weak) to init_alloc.o(.text) for _init_alloc
    libinit2.o(.ARM.Collect$$libinit$$00000010) refers to libinit2.o(.ARM.Collect$$libinit$$0000000F) for .ARM.Collect$$libinit$$0000000F
    libinit2.o(.ARM.Collect$$libinit$$00000012) refers to libinit2.o(.ARM.Collect$$libinit$$0000000F) for .ARM.Collect$$libinit$$0000000F
    libinit2.o(.ARM.Collect$$libinit$$00000014) refers to libinit2.o(.ARM.Collect$$libinit$$0000000F) for .ARM.Collect$$libinit$$0000000F
    libinit2.o(.ARM.Collect$$libinit$$00000016) refers to libinit2.o(.ARM.Collect$$libinit$$0000000F) for .ARM.Collect$$libinit$$0000000F
    libinit2.o(.ARM.Collect$$libinit$$00000018) refers to libinit2.o(.ARM.Collect$$libinit$$0000000F) for .ARM.Collect$$libinit$$0000000F
    libinit2.o(.ARM.Collect$$libinit$$00000026) refers to argv_veneer.o(.emb_text) for __ARM_argv_veneer
    libinit2.o(.ARM.Collect$$libinit$$00000027) refers to argv_veneer.o(.emb_text) for __ARM_argv_veneer
    sys_command.o(.text) refers (Special) to use_no_semi.o(.text) for __I$use$semihosting
    sys_command.o(.text) refers (Special) to indicate_semi.o(.text) for __semihosting_library_function
    libspace.o(.text) refers to libspace.o(.bss) for __libspace_start
    __rtentry2.o(.ARM.Collect$$rtentry$$00000008) refers to boardinit2.o(.text) for _platform_post_stackheap_init
    __rtentry2.o(.ARM.Collect$$rtentry$$0000000A) refers to libinit.o(.ARM.Collect$$libinit$$00000000) for __rt_lib_init
    __rtentry2.o(.ARM.Collect$$rtentry$$0000000B) refers to boardinit3.o(.text) for _platform_post_lib_init
    __rtentry2.o(.ARM.Collect$$rtentry$$0000000D) refers to main.o(.text) for main
    __rtentry2.o(.ARM.Collect$$rtentry$$0000000D) refers to exit.o(.text) for exit
    __rtentry2.o(.ARM.exidx) refers to __rtentry2.o(.ARM.Collect$$rtentry$$00000001) for .ARM.Collect$$rtentry$$00000001
    __rtentry2.o(.ARM.exidx) refers to __rtentry2.o(.ARM.Collect$$rtentry$$00000008) for .ARM.Collect$$rtentry$$00000008
    __rtentry2.o(.ARM.exidx) refers to __rtentry2.o(.ARM.Collect$$rtentry$$0000000A) for .ARM.Collect$$rtentry$$0000000A
    __rtentry2.o(.ARM.exidx) refers to __rtentry2.o(.ARM.Collect$$rtentry$$0000000B) for .ARM.Collect$$rtentry$$0000000B
    __rtentry2.o(.ARM.exidx) refers to __rtentry2.o(.ARM.Collect$$rtentry$$0000000D) for .ARM.Collect$$rtentry$$0000000D
    __rtentry4.o(.ARM.Collect$$rtentry$$00000004) refers to sys_stackheap_outer.o(.text) for __user_setup_stackheap
    __rtentry4.o(.ARM.exidx) refers to __rtentry4.o(.ARM.Collect$$rtentry$$00000004) for .ARM.Collect$$rtentry$$00000004
    maybetermalloc2.o(.emb_text) refers (Special) to term_alloc.o(.text) for _terminate_alloc
    h1_extend.o(.text) refers to h1_free.o(.text) for free
    h1_extend_mt.o(.text) refers to h1_free_mt.o(.text) for _free_internal
    defsig_rtmem_outer.o(.text) refers to defsig_rtmem_inner.o(.text) for __rt_SIGRTMEM_inner
    defsig_rtmem_outer.o(.text) refers to defsig_exit.o(.text) for __sig_exit
    defsig_rtmem_formal.o(.text) refers to rt_raise.o(.text) for __rt_raise
    heapauxa.o(.text) refers to heapauxa.o(.data) for .data
    argv_veneer.o(.emb_text) refers to no_argv.o(.text) for __ARM_get_argv
    sys_stackheap_outer.o(.text) refers to libspace.o(.text) for __user_perproc_libspace
    sys_stackheap_outer.o(.text) refers to startup_stm32f100xb.o(.text) for __user_initial_stackheap
    rt_raise.o(.text) refers to __raise.o(.text) for __raise
    rt_raise.o(.text) refers to sys_exit.o(.text) for _sys_exit
    term_alloc.o(.text) refers (Special) to libshutdown2.o(.ARM.Collect$$libshutdown$$0000000D) for __rt_lib_shutdown_heap_2
    term_alloc.o(.text) refers to rt_heap_descriptor_intlibspace.o(.text) for __rt_heap_descriptor
    term_alloc.o(.text) refers to h1_final.o(.text) for __Heap_Finalize
    exit.o(.text) refers to rtexit.o(.ARM.Collect$$rtexit$$00000000) for __rt_exit
    defsig_exit.o(.text) refers to sys_exit.o(.text) for _sys_exit
    defsig_rtmem_inner.o(.text) refers to defsig_general.o(.text) for __default_signal_display
    _get_argv_nomalloc.o(.text) refers (Special) to hrguard.o(.text) for __heap_region$guard
    _get_argv_nomalloc.o(.text) refers to defsig_rtmem_outer.o(.text) for __rt_SIGRTMEM
    _get_argv_nomalloc.o(.text) refers to sys_command.o(.text) for _sys_command_string
    libinit.o(.ARM.Collect$$libinit$$00000000) refers (Special) to libinit2.o(.ARM.Collect$$libinit$$0000002E) for __rt_lib_init_alloca_1
    libinit.o(.ARM.Collect$$libinit$$00000000) refers (Special) to libinit2.o(.ARM.Collect$$libinit$$0000002C) for __rt_lib_init_argv_1
    libinit.o(.ARM.Collect$$libinit$$00000000) refers (Special) to libinit2.o(.ARM.Collect$$libinit$$0000001B) for __rt_lib_init_atexit_1
    libinit.o(.ARM.Collect$$libinit$$00000000) refers (Special) to libinit2.o(.ARM.Collect$$libinit$$00000021) for __rt_lib_init_clock_1
    libinit.o(.ARM.Collect$$libinit$$00000000) refers (Special) to libinit2.o(.ARM.Collect$$libinit$$00000032) for __rt_lib_init_cpp_1
    libinit.o(.ARM.Collect$$libinit$$00000000) refers (Special) to libinit2.o(.ARM.Collect$$libinit$$00000030) for __rt_lib_init_exceptions_1
    libinit.o(.ARM.Collect$$libinit$$00000000) refers (Special) to libinit2.o(.ARM.Collect$$libinit$$00000002) for __rt_lib_init_fp_1
    libinit.o(.ARM.Collect$$libinit$$00000000) refers (Special) to libinit2.o(.ARM.Collect$$libinit$$0000001F) for __rt_lib_init_fp_trap_1
    libinit.o(.ARM.Collect$$libinit$$00000000) refers (Special) to libinit2.o(.ARM.Collect$$libinit$$00000023) for __rt_lib_init_getenv_1
    libinit.o(.ARM.Collect$$libinit$$00000000) refers (Special) to libinit2.o(.ARM.Collect$$libinit$$0000000A) for __rt_lib_init_heap_1
    libinit.o(.ARM.Collect$$libinit$$00000000) refers (Special) to libinit2.o(.ARM.Collect$$libinit$$00000011) for __rt_lib_init_lc_collate_1
    libinit.o(.ARM.Collect$$libinit$$00000000) refers (Special) to libinit2.o(.ARM.Collect$$libinit$$00000013) for __rt_lib_init_lc_ctype_1
    libinit.o(.ARM.Collect$$libinit$$00000000) refers (Special) to libinit2.o(.ARM.Collect$$libinit$$00000015) for __rt_lib_init_lc_monetary_1
    libinit.o(.ARM.Collect$$libinit$$00000000) refers (Special) to libinit2.o(.ARM.Collect$$libinit$$00000017) for __rt_lib_init_lc_numeric_1
    libinit.o(.ARM.Collect$$libinit$$00000000) refers (Special) to libinit2.o(.ARM.Collect$$libinit$$00000019) for __rt_lib_init_lc_time_1
    libinit.o(.ARM.Collect$$libinit$$00000000) refers (Special) to libinit2.o(.ARM.Collect$$libinit$$00000004) for __rt_lib_init_preinit_1
    libinit.o(.ARM.Collect$$libinit$$00000000) refers (Special) to libinit2.o(.ARM.Collect$$libinit$$0000000E) for __rt_lib_init_rand_1
    libinit.o(.ARM.Collect$$libinit$$00000000) refers (Special) to libinit2.o(.ARM.Collect$$libinit$$00000033) for __rt_lib_init_return
    libinit.o(.ARM.Collect$$libinit$$00000000) refers (Special) to libinit2.o(.ARM.Collect$$libinit$$0000001D) for __rt_lib_init_signal_1
    libinit.o(.ARM.Collect$$libinit$$00000000) refers (Special) to libinit2.o(.ARM.Collect$$libinit$$00000025) for __rt_lib_init_stdio_1
    libinit.o(.ARM.Collect$$libinit$$00000000) refers (Special) to libinit2.o(.ARM.Collect$$libinit$$0000000C) for __rt_lib_init_user_alloc_1
    sys_exit.o(.text) refers (Special) to use_no_semi.o(.text) for __I$use$semihosting
    sys_exit.o(.text) refers (Special) to indicate_semi.o(.text) for __semihosting_library_function
    rtexit.o(.ARM.Collect$$rtexit$$00000000) refers (Special) to rtexit2.o(.ARM.Collect$$rtexit$$00000004) for __rt_exit_exit
    rtexit.o(.ARM.Collect$$rtexit$$00000000) refers (Special) to rtexit2.o(.ARM.Collect$$rtexit$$00000003) for __rt_exit_ls
    rtexit.o(.ARM.Collect$$rtexit$$00000000) refers (Special) to rtexit2.o(.ARM.Collect$$rtexit$$00000002) for __rt_exit_prels_1
    rtexit.o(.ARM.exidx) refers (Special) to rtexit2.o(.ARM.Collect$$rtexit$$00000004) for __rt_exit_exit
    rtexit.o(.ARM.exidx) refers (Special) to rtexit2.o(.ARM.Collect$$rtexit$$00000003) for __rt_exit_ls
    rtexit.o(.ARM.exidx) refers (Special) to rtexit2.o(.ARM.Collect$$rtexit$$00000002) for __rt_exit_prels_1
    rtexit.o(.ARM.exidx) refers to rtexit.o(.ARM.Collect$$rtexit$$00000000) for .ARM.Collect$$rtexit$$00000000
    __raise.o(.text) refers to defsig.o(CL$$defsig) for __default_signal_handler
    defsig_general.o(.text) refers to sys_wrch.o(.text) for _ttywrch
    libshutdown2.o(.ARM.Collect$$libshutdown$$0000000C) refers (Weak) to term_alloc.o(.text) for _terminate_alloc
    sys_wrch.o(.text) refers (Special) to use_no_semi.o(.text) for __I$use$semihosting
    sys_wrch.o(.text) refers (Special) to indicate_semi.o(.text) for __semihosting_library_function
    rtexit2.o(.ARM.Collect$$rtexit$$00000003) refers to libshutdown.o(.ARM.Collect$$libshutdown$$00000000) for __rt_lib_shutdown
    rtexit2.o(.ARM.Collect$$rtexit$$00000004) refers to sys_exit.o(.text) for _sys_exit
    rtexit2.o(.ARM.exidx) refers to rtexit2.o(.ARM.Collect$$rtexit$$00000001) for .ARM.Collect$$rtexit$$00000001
    rtexit2.o(.ARM.exidx) refers to rtexit2.o(.ARM.Collect$$rtexit$$00000003) for .ARM.Collect$$rtexit$$00000003
    rtexit2.o(.ARM.exidx) refers to rtexit2.o(.ARM.Collect$$rtexit$$00000004) for .ARM.Collect$$rtexit$$00000004
    defsig.o(CL$$defsig) refers to defsig_rtmem_inner.o(.text) for __rt_SIGRTMEM_inner
    defsig_abrt_inner.o(.text) refers to defsig_general.o(.text) for __default_signal_display
    defsig_fpe_inner.o(.text) refers to defsig_general.o(.text) for __default_signal_display
    defsig_rtred_inner.o(.text) refers to defsig_general.o(.text) for __default_signal_display
    defsig_stak_inner.o(.text) refers to defsig_general.o(.text) for __default_signal_display
    defsig_pvfn_inner.o(.text) refers to defsig_general.o(.text) for __default_signal_display
    defsig_cppl_inner.o(.text) refers to defsig_general.o(.text) for __default_signal_display
    defsig_segv_inner.o(.text) refers to defsig_general.o(.text) for __default_signal_display
    defsig_other.o(.text) refers to defsig_general.o(.text) for __default_signal_display
    libshutdown.o(.ARM.Collect$$libshutdown$$00000000) refers (Special) to libshutdown2.o(.ARM.Collect$$libshutdown$$00000006) for __rt_lib_shutdown_fp_trap_1
    libshutdown.o(.ARM.Collect$$libshutdown$$00000000) refers (Special) to libshutdown2.o(.ARM.Collect$$libshutdown$$0000000E) for __rt_lib_shutdown_heap_1
    libshutdown.o(.ARM.Collect$$libshutdown$$00000000) refers (Special) to libshutdown2.o(.ARM.Collect$$libshutdown$$0000000F) for __rt_lib_shutdown_return
    libshutdown.o(.ARM.Collect$$libshutdown$$00000000) refers (Special) to libshutdown2.o(.ARM.Collect$$libshutdown$$00000009) for __rt_lib_shutdown_signal_1
    libshutdown.o(.ARM.Collect$$libshutdown$$00000000) refers (Special) to libshutdown2.o(.ARM.Collect$$libshutdown$$00000003) for __rt_lib_shutdown_stdio_1
    libshutdown.o(.ARM.Collect$$libshutdown$$00000000) refers (Special) to libshutdown2.o(.ARM.Collect$$libshutdown$$0000000B) for __rt_lib_shutdown_user_alloc_1


==============================================================================

Removing Unused input sections from the image.

    Removing system_stm32f1xx.o(.rev16_text), (4 bytes).
    Removing system_stm32f1xx.o(.revsh_text), (4 bytes).
    Removing system_stm32f1xx.o(.rrx_text), (6 bytes).
    Removing stm32f1xx_ll_utils.o(.rev16_text), (4 bytes).
    Removing stm32f1xx_ll_utils.o(.revsh_text), (4 bytes).
    Removing stm32f1xx_ll_utils.o(.rrx_text), (6 bytes).
    Removing stm32f1xx_ll_utils.o(.text), (584 bytes).
    Removing stm32f1xx_ll_usart.o(.rev16_text), (4 bytes).
    Removing stm32f1xx_ll_usart.o(.revsh_text), (4 bytes).
    Removing stm32f1xx_ll_usart.o(.rrx_text), (6 bytes).
    Removing stm32f1xx_ll_tim.o(.rev16_text), (4 bytes).
    Removing stm32f1xx_ll_tim.o(.revsh_text), (4 bytes).
    Removing stm32f1xx_ll_tim.o(.rrx_text), (6 bytes).
    Removing stm32f1xx_ll_tim.o(.text), (1824 bytes).
    Removing stm32f1xx_ll_tim.o(.constdata), (35 bytes).
    Removing stm32f1xx_ll_spi.o(.rev16_text), (4 bytes).
    Removing stm32f1xx_ll_spi.o(.revsh_text), (4 bytes).
    Removing stm32f1xx_ll_spi.o(.rrx_text), (6 bytes).
    Removing stm32f1xx_ll_spi.o(.text), (216 bytes).
    Removing stm32f1xx_ll_rtc.o(.rev16_text), (4 bytes).
    Removing stm32f1xx_ll_rtc.o(.revsh_text), (4 bytes).
    Removing stm32f1xx_ll_rtc.o(.rrx_text), (6 bytes).
    Removing stm32f1xx_ll_rtc.o(.text), (968 bytes).
    Removing stm32f1xx_ll_rcc.o(.rev16_text), (4 bytes).
    Removing stm32f1xx_ll_rcc.o(.revsh_text), (4 bytes).
    Removing stm32f1xx_ll_rcc.o(.rrx_text), (6 bytes).
    Removing stm32f1xx_ll_pwr.o(.rev16_text), (4 bytes).
    Removing stm32f1xx_ll_pwr.o(.revsh_text), (4 bytes).
    Removing stm32f1xx_ll_pwr.o(.rrx_text), (6 bytes).
    Removing stm32f1xx_ll_pwr.o(.text), (36 bytes).
    Removing stm32f1xx_ll_gpio.o(.rev16_text), (4 bytes).
    Removing stm32f1xx_ll_gpio.o(.revsh_text), (4 bytes).
    Removing stm32f1xx_ll_gpio.o(.rrx_text), (6 bytes).
    Removing stm32f1xx_ll_gpio.o(.text), (480 bytes).
    Removing stm32f1xx_ll_exti.o(.rev16_text), (4 bytes).
    Removing stm32f1xx_ll_exti.o(.revsh_text), (4 bytes).
    Removing stm32f1xx_ll_exti.o(.rrx_text), (6 bytes).
    Removing stm32f1xx_ll_exti.o(.text), (332 bytes).
    Removing stm32f1xx_ll_dma.o(.rev16_text), (4 bytes).
    Removing stm32f1xx_ll_dma.o(.revsh_text), (4 bytes).
    Removing stm32f1xx_ll_dma.o(.rrx_text), (6 bytes).
    Removing stm32f1xx_ll_dac.o(.rev16_text), (4 bytes).
    Removing stm32f1xx_ll_dac.o(.revsh_text), (4 bytes).
    Removing stm32f1xx_ll_dac.o(.rrx_text), (6 bytes).
    Removing stm32f1xx_ll_dac.o(.text), (180 bytes).
    Removing stm32f1xx_ll_crc.o(.rev16_text), (4 bytes).
    Removing stm32f1xx_ll_crc.o(.revsh_text), (4 bytes).
    Removing stm32f1xx_ll_crc.o(.rrx_text), (6 bytes).
    Removing stm32f1xx_ll_crc.o(.text), (36 bytes).
    Removing stm32f1xx_ll_adc.o(.rev16_text), (4 bytes).
    Removing stm32f1xx_ll_adc.o(.revsh_text), (4 bytes).
    Removing stm32f1xx_ll_adc.o(.rrx_text), (6 bytes).
    Removing stm32f1xx_ll_adc.o(.text), (564 bytes).
    Removing main.o(.rev16_text), (4 bytes).
    Removing main.o(.revsh_text), (4 bytes).
    Removing main.o(.rrx_text), (6 bytes).
    Removing main.o(.constdata), (42 bytes).
    Removing stm32f1xx_it.o(.rev16_text), (4 bytes).
    Removing stm32f1xx_it.o(.revsh_text), (4 bytes).
    Removing stm32f1xx_it.o(.rrx_text), (6 bytes).
    Removing stm32f1xx_it.o(.constdata), (42 bytes).
    Removing device_handler.o(.rev16_text), (4 bytes).
    Removing device_handler.o(.revsh_text), (4 bytes).
    Removing device_handler.o(.rrx_text), (6 bytes).
    Removing device.o(.rev16_text), (4 bytes).
    Removing device.o(.revsh_text), (4 bytes).
    Removing device.o(.rrx_text), (6 bytes).
    Removing host_vm.o(.text), (304 bytes).
    Removing host_vm.o(.bss), (32 bytes).
    Removing host_vm.o(.data), (28 bytes).
    Removing api_mcu.o(.rev16_text), (4 bytes).
    Removing api_mcu.o(.revsh_text), (4 bytes).
    Removing api_mcu.o(.rrx_text), (6 bytes).
    Removing api_mcu.o(.constdata), (7 bytes).
    Removing crc.o(.rev16_text), (4 bytes).
    Removing crc.o(.revsh_text), (4 bytes).
    Removing crc.o(.rrx_text), (6 bytes).

77 unused section(s) (total 5990 bytes) removed from the image.

==============================================================================

Image Symbol Table

    Local Symbols

    Symbol Name                              Value     Ov Type        Size  Object(Section)

    ../Src/main.c                            0x00000000   Number         0  main.o ABSOLUTE
    ../Src/stm32f1xx_it.c                    0x00000000   Number         0  stm32f1xx_it.o ABSOLUTE
    ../Src/system_stm32f1xx.c                0x00000000   Number         0  system_stm32f1xx.o ABSOLUTE
    ../clib/angel/boardlib.s                 0x00000000   Number         0  boardshut.o ABSOLUTE
    ../clib/angel/boardlib.s                 0x00000000   Number         0  boardinit1.o ABSOLUTE
    ../clib/angel/boardlib.s                 0x00000000   Number         0  boardinit2.o ABSOLUTE
    ../clib/angel/boardlib.s                 0x00000000   Number         0  boardinit3.o ABSOLUTE
    ../clib/angel/handlers.s                 0x00000000   Number         0  __scatter_copy.o ABSOLUTE
    ../clib/angel/handlers.s                 0x00000000   Number         0  __scatter_zi.o ABSOLUTE
    ../clib/angel/kernel.s                   0x00000000   Number         0  rtexit.o ABSOLUTE
    ../clib/angel/kernel.s                   0x00000000   Number         0  rtexit2.o ABSOLUTE
    ../clib/angel/kernel.s                   0x00000000   Number         0  __rtentry.o ABSOLUTE
    ../clib/angel/kernel.s                   0x00000000   Number         0  __rtentry2.o ABSOLUTE
    ../clib/angel/kernel.s                   0x00000000   Number         0  __rtentry4.o ABSOLUTE
    ../clib/angel/rt.s                       0x00000000   Number         0  rt_heap_descriptor.o ABSOLUTE
    ../clib/angel/rt.s                       0x00000000   Number         0  rt_heap_descriptor_intlibspace.o ABSOLUTE
    ../clib/angel/rt.s                       0x00000000   Number         0  rt_raise.o ABSOLUTE
    ../clib/angel/scatter.s                  0x00000000   Number         0  __scatter.o ABSOLUTE
    ../clib/angel/startup.s                  0x00000000   Number         0  __main.o ABSOLUTE
    ../clib/angel/sys.s                      0x00000000   Number         0  use_no_semi.o ABSOLUTE
    ../clib/angel/sys.s                      0x00000000   Number         0  mutex_dummy.o ABSOLUTE
    ../clib/angel/sys.s                      0x00000000   Number         0  libspace.o ABSOLUTE
    ../clib/angel/sys.s                      0x00000000   Number         0  sys_stackheap_outer.o ABSOLUTE
    ../clib/angel/sys.s                      0x00000000   Number         0  indicate_semi.o ABSOLUTE
    ../clib/angel/sysapp.c                   0x00000000   Number         0  sys_wrch.o ABSOLUTE
    ../clib/angel/sysapp.c                   0x00000000   Number         0  sys_command.o ABSOLUTE
    ../clib/angel/sysapp.c                   0x00000000   Number         0  sys_exit.o ABSOLUTE
    ../clib/armsys.c                         0x00000000   Number         0  _get_argv_nomalloc.o ABSOLUTE
    ../clib/armsys.c                         0x00000000   Number         0  _get_argv.o ABSOLUTE
    ../clib/armsys.c                         0x00000000   Number         0  argv_veneer.o ABSOLUTE
    ../clib/armsys.c                         0x00000000   Number         0  no_argv.o ABSOLUTE
    ../clib/armsys.c                         0x00000000   Number         0  argv_veneer.o ABSOLUTE
    ../clib/heap1.c                          0x00000000   Number         0  h1_free_mt.o ABSOLUTE
    ../clib/heap1.c                          0x00000000   Number         0  h1_init.o ABSOLUTE
    ../clib/heap1.c                          0x00000000   Number         0  h1_init_mt.o ABSOLUTE
    ../clib/heap1.c                          0x00000000   Number         0  h1_final_mt.o ABSOLUTE
    ../clib/heap1.c                          0x00000000   Number         0  h1_final.o ABSOLUTE
    ../clib/heap1.c                          0x00000000   Number         0  h1_alloc_mt.o ABSOLUTE
    ../clib/heap1.c                          0x00000000   Number         0  h1_alloc.o ABSOLUTE
    ../clib/heap1.c                          0x00000000   Number         0  h1_free.o ABSOLUTE
    ../clib/heap1.c                          0x00000000   Number         0  h1_extend.o ABSOLUTE
    ../clib/heap1.c                          0x00000000   Number         0  h1_extend_mt.o ABSOLUTE
    ../clib/heap2.c                          0x00000000   Number         0  heap2.o ABSOLUTE
    ../clib/heap2.c                          0x00000000   Number         0  heap2mt.o ABSOLUTE
    ../clib/heap2.c                          0x00000000   Number         0  fdtree.o ABSOLUTE
    ../clib/heapalloc.c                      0x00000000   Number         0  maybetermalloc1.o ABSOLUTE
    ../clib/heapalloc.c                      0x00000000   Number         0  term_alloc.o ABSOLUTE
    ../clib/heapalloc.c                      0x00000000   Number         0  maybetermalloc2.o ABSOLUTE
    ../clib/heapalloc.c                      0x00000000   Number         0  maybetermalloc2.o ABSOLUTE
    ../clib/heapalloc.c                      0x00000000   Number         0  maybetermalloc1.o ABSOLUTE
    ../clib/heapalloc.c                      0x00000000   Number         0  hrguard.o ABSOLUTE
    ../clib/heapalloc.c                      0x00000000   Number         0  malloc.o ABSOLUTE
    ../clib/heapalloc.c                      0x00000000   Number         0  hguard.o ABSOLUTE
    ../clib/heapalloc.c                      0x00000000   Number         0  init_alloc.o ABSOLUTE
    ../clib/heapalloc.c                      0x00000000   Number         0  free.o ABSOLUTE
    ../clib/heapalloc.c                      0x00000000   Number         0  heapstubs.o ABSOLUTE
    ../clib/heapaux.c                        0x00000000   Number         0  heapauxi.o ABSOLUTE
    ../clib/heapaux.c                        0x00000000   Number         0  heapauxa.o ABSOLUTE
    ../clib/libinit.s                        0x00000000   Number         0  libinit2.o ABSOLUTE
    ../clib/libinit.s                        0x00000000   Number         0  libshutdown2.o ABSOLUTE
    ../clib/libinit.s                        0x00000000   Number         0  libinit.o ABSOLUTE
    ../clib/libinit.s                        0x00000000   Number         0  libshutdown.o ABSOLUTE
    ../clib/memcpset.s                       0x00000000   Number         0  rt_memcpy_w.o ABSOLUTE
    ../clib/memcpset.s                       0x00000000   Number         0  rt_memclr.o ABSOLUTE
    ../clib/memcpset.s                       0x00000000   Number         0  rt_memclr_w.o ABSOLUTE
    ../clib/memcpset.s                       0x00000000   Number         0  rt_memcpy_v6.o ABSOLUTE
    ../clib/signal.c                         0x00000000   Number         0  defsig_abrt_inner.o ABSOLUTE
    ../clib/signal.c                         0x00000000   Number         0  defsig_cppl_inner.o ABSOLUTE
    ../clib/signal.c                         0x00000000   Number         0  defsig_pvfn_inner.o ABSOLUTE
    ../clib/signal.c                         0x00000000   Number         0  defsig_rtmem_outer.o ABSOLUTE
    ../clib/signal.c                         0x00000000   Number         0  defsig_exit.o ABSOLUTE
    ../clib/signal.c                         0x00000000   Number         0  defsig_rtmem_inner.o ABSOLUTE
    ../clib/signal.c                         0x00000000   Number         0  __raise.o ABSOLUTE
    ../clib/signal.c                         0x00000000   Number         0  defsig_rtmem_formal.o ABSOLUTE
    ../clib/signal.c                         0x00000000   Number         0  defsig_general.o ABSOLUTE
    ../clib/signal.c                         0x00000000   Number         0  defsig_fpe_inner.o ABSOLUTE
    ../clib/signal.c                         0x00000000   Number         0  defsig_segv_inner.o ABSOLUTE
    ../clib/signal.c                         0x00000000   Number         0  defsig_rtred_inner.o ABSOLUTE
    ../clib/signal.c                         0x00000000   Number         0  defsig_stak_inner.o ABSOLUTE
    ../clib/signal.c                         0x00000000   Number         0  defsig_other.o ABSOLUTE
    ../clib/signal.s                         0x00000000   Number         0  defsig.o ABSOLUTE
    ../clib/stdlib.c                         0x00000000   Number         0  exit.o ABSOLUTE
    ../fplib/fpinit.s                        0x00000000   Number         0  fpinit.o ABSOLUTE
    ..\Src\crc\crc.c                         0x00000000   Number         0  crc.o ABSOLUTE
    ..\Src\hostapi\api_MCU.c                 0x00000000   Number         0  api_mcu.o ABSOLUTE
    ..\Src\hostapi\host_core.c               0x00000000   Number         0  host_core.o ABSOLUTE
    ..\Src\hostapi\host_vm.c                 0x00000000   Number         0  host_vm.o ABSOLUTE
    ..\Src\intercom\Device.c                 0x00000000   Number         0  device.o ABSOLUTE
    ..\Src\intercom\Device_Handler.c         0x00000000   Number         0  device_handler.o ABSOLUTE
    ..\Src\main.c                            0x00000000   Number         0  main.o ABSOLUTE
    ..\Src\stm32f1xx_it.c                    0x00000000   Number         0  stm32f1xx_it.o ABSOLUTE
    ..\Src\system_stm32f1xx.c                0x00000000   Number         0  system_stm32f1xx.o ABSOLUTE
    ..\\Src\\crc\\crc.c                      0x00000000   Number         0  crc.o ABSOLUTE
    ..\\Src\\hostapi\\api_MCU.c              0x00000000   Number         0  api_mcu.o ABSOLUTE
    ..\\Src\\intercom\\Device.c              0x00000000   Number         0  device.o ABSOLUTE
    ..\\Src\\intercom\\Device_Handler.c      0x00000000   Number         0  device_handler.o ABSOLUTE
    C:\Developer\SDK\STM32\STM32F1xx_HAL_Driver\Src\stm32f1xx_ll_adc.c 0x00000000   Number         0  stm32f1xx_ll_adc.o ABSOLUTE
    C:\Developer\SDK\STM32\STM32F1xx_HAL_Driver\Src\stm32f1xx_ll_crc.c 0x00000000   Number         0  stm32f1xx_ll_crc.o ABSOLUTE
    C:\Developer\SDK\STM32\STM32F1xx_HAL_Driver\Src\stm32f1xx_ll_dac.c 0x00000000   Number         0  stm32f1xx_ll_dac.o ABSOLUTE
    C:\Developer\SDK\STM32\STM32F1xx_HAL_Driver\Src\stm32f1xx_ll_dma.c 0x00000000   Number         0  stm32f1xx_ll_dma.o ABSOLUTE
    C:\Developer\SDK\STM32\STM32F1xx_HAL_Driver\Src\stm32f1xx_ll_exti.c 0x00000000   Number         0  stm32f1xx_ll_exti.o ABSOLUTE
    C:\Developer\SDK\STM32\STM32F1xx_HAL_Driver\Src\stm32f1xx_ll_gpio.c 0x00000000   Number         0  stm32f1xx_ll_gpio.o ABSOLUTE
    C:\Developer\SDK\STM32\STM32F1xx_HAL_Driver\Src\stm32f1xx_ll_pwr.c 0x00000000   Number         0  stm32f1xx_ll_pwr.o ABSOLUTE
    C:\Developer\SDK\STM32\STM32F1xx_HAL_Driver\Src\stm32f1xx_ll_rcc.c 0x00000000   Number         0  stm32f1xx_ll_rcc.o ABSOLUTE
    C:\Developer\SDK\STM32\STM32F1xx_HAL_Driver\Src\stm32f1xx_ll_rtc.c 0x00000000   Number         0  stm32f1xx_ll_rtc.o ABSOLUTE
    C:\Developer\SDK\STM32\STM32F1xx_HAL_Driver\Src\stm32f1xx_ll_spi.c 0x00000000   Number         0  stm32f1xx_ll_spi.o ABSOLUTE
    C:\Developer\SDK\STM32\STM32F1xx_HAL_Driver\Src\stm32f1xx_ll_tim.c 0x00000000   Number         0  stm32f1xx_ll_tim.o ABSOLUTE
    C:\Developer\SDK\STM32\STM32F1xx_HAL_Driver\Src\stm32f1xx_ll_usart.c 0x00000000   Number         0  stm32f1xx_ll_usart.o ABSOLUTE
    C:\Developer\SDK\STM32\STM32F1xx_HAL_Driver\Src\stm32f1xx_ll_utils.c 0x00000000   Number         0  stm32f1xx_ll_utils.o ABSOLUTE
    C:\\Developer\\SDK\\STM32\\STM32F1xx_HAL_Driver\\Src\\stm32f1xx_ll_adc.c 0x00000000   Number         0  stm32f1xx_ll_adc.o ABSOLUTE
    C:\\Developer\\SDK\\STM32\\STM32F1xx_HAL_Driver\\Src\\stm32f1xx_ll_crc.c 0x00000000   Number         0  stm32f1xx_ll_crc.o ABSOLUTE
    C:\\Developer\\SDK\\STM32\\STM32F1xx_HAL_Driver\\Src\\stm32f1xx_ll_dac.c 0x00000000   Number         0  stm32f1xx_ll_dac.o ABSOLUTE
    C:\\Developer\\SDK\\STM32\\STM32F1xx_HAL_Driver\\Src\\stm32f1xx_ll_dma.c 0x00000000   Number         0  stm32f1xx_ll_dma.o ABSOLUTE
    C:\\Developer\\SDK\\STM32\\STM32F1xx_HAL_Driver\\Src\\stm32f1xx_ll_exti.c 0x00000000   Number         0  stm32f1xx_ll_exti.o ABSOLUTE
    C:\\Developer\\SDK\\STM32\\STM32F1xx_HAL_Driver\\Src\\stm32f1xx_ll_gpio.c 0x00000000   Number         0  stm32f1xx_ll_gpio.o ABSOLUTE
    C:\\Developer\\SDK\\STM32\\STM32F1xx_HAL_Driver\\Src\\stm32f1xx_ll_pwr.c 0x00000000   Number         0  stm32f1xx_ll_pwr.o ABSOLUTE
    C:\\Developer\\SDK\\STM32\\STM32F1xx_HAL_Driver\\Src\\stm32f1xx_ll_rcc.c 0x00000000   Number         0  stm32f1xx_ll_rcc.o ABSOLUTE
    C:\\Developer\\SDK\\STM32\\STM32F1xx_HAL_Driver\\Src\\stm32f1xx_ll_rtc.c 0x00000000   Number         0  stm32f1xx_ll_rtc.o ABSOLUTE
    C:\\Developer\\SDK\\STM32\\STM32F1xx_HAL_Driver\\Src\\stm32f1xx_ll_spi.c 0x00000000   Number         0  stm32f1xx_ll_spi.o ABSOLUTE
    C:\\Developer\\SDK\\STM32\\STM32F1xx_HAL_Driver\\Src\\stm32f1xx_ll_tim.c 0x00000000   Number         0  stm32f1xx_ll_tim.o ABSOLUTE
    C:\\Developer\\SDK\\STM32\\STM32F1xx_HAL_Driver\\Src\\stm32f1xx_ll_usart.c 0x00000000   Number         0  stm32f1xx_ll_usart.o ABSOLUTE
    C:\\Developer\\SDK\\STM32\\STM32F1xx_HAL_Driver\\Src\\stm32f1xx_ll_utils.c 0x00000000   Number         0  stm32f1xx_ll_utils.o ABSOLUTE
    dc.s                                     0x00000000   Number         0  dc.o ABSOLUTE
    startup_stm32f100xb.s                    0x00000000   Number         0  startup_stm32f100xb.o ABSOLUTE
    RESET                                    0x08000000   Section      288  startup_stm32f100xb.o(RESET)
    !!!main                                  0x08000120   Section        8  __main.o(!!!main)
    !!!scatter                               0x08000128   Section       52  __scatter.o(!!!scatter)
    !!handler_copy                           0x0800015c   Section       26  __scatter_copy.o(!!handler_copy)
    !!handler_zi                             0x08000178   Section       28  __scatter_zi.o(!!handler_zi)
    .ARM.Collect$$libinit$$00000000          0x08000194   Section        2  libinit.o(.ARM.Collect$$libinit$$00000000)
    .ARM.Collect$$libinit$$00000002          0x08000196   Section        0  libinit2.o(.ARM.Collect$$libinit$$00000002)
    .ARM.Collect$$libinit$$00000004          0x08000196   Section        0  libinit2.o(.ARM.Collect$$libinit$$00000004)
    .ARM.Collect$$libinit$$00000005          0x08000196   Section        8  libinit2.o(.ARM.Collect$$libinit$$00000005)
    .ARM.Collect$$libinit$$0000000A          0x0800019e   Section        0  libinit2.o(.ARM.Collect$$libinit$$0000000A)
    .ARM.Collect$$libinit$$0000000C          0x0800019e   Section        0  libinit2.o(.ARM.Collect$$libinit$$0000000C)
    .ARM.Collect$$libinit$$0000000E          0x0800019e   Section        0  libinit2.o(.ARM.Collect$$libinit$$0000000E)
    .ARM.Collect$$libinit$$00000011          0x0800019e   Section        0  libinit2.o(.ARM.Collect$$libinit$$00000011)
    .ARM.Collect$$libinit$$00000013          0x0800019e   Section        0  libinit2.o(.ARM.Collect$$libinit$$00000013)
    .ARM.Collect$$libinit$$00000015          0x0800019e   Section        0  libinit2.o(.ARM.Collect$$libinit$$00000015)
    .ARM.Collect$$libinit$$00000017          0x0800019e   Section        0  libinit2.o(.ARM.Collect$$libinit$$00000017)
    .ARM.Collect$$libinit$$00000019          0x0800019e   Section        0  libinit2.o(.ARM.Collect$$libinit$$00000019)
    .ARM.Collect$$libinit$$0000001B          0x0800019e   Section        0  libinit2.o(.ARM.Collect$$libinit$$0000001B)
    .ARM.Collect$$libinit$$0000001D          0x0800019e   Section        0  libinit2.o(.ARM.Collect$$libinit$$0000001D)
    .ARM.Collect$$libinit$$0000001F          0x0800019e   Section        0  libinit2.o(.ARM.Collect$$libinit$$0000001F)
    .ARM.Collect$$libinit$$00000021          0x0800019e   Section        0  libinit2.o(.ARM.Collect$$libinit$$00000021)
    .ARM.Collect$$libinit$$00000023          0x0800019e   Section        0  libinit2.o(.ARM.Collect$$libinit$$00000023)
    .ARM.Collect$$libinit$$00000025          0x0800019e   Section        0  libinit2.o(.ARM.Collect$$libinit$$00000025)
    .ARM.Collect$$libinit$$0000002C          0x0800019e   Section        0  libinit2.o(.ARM.Collect$$libinit$$0000002C)
    .ARM.Collect$$libinit$$0000002E          0x0800019e   Section        0  libinit2.o(.ARM.Collect$$libinit$$0000002E)
    .ARM.Collect$$libinit$$00000030          0x0800019e   Section        0  libinit2.o(.ARM.Collect$$libinit$$00000030)
    .ARM.Collect$$libinit$$00000032          0x0800019e   Section        0  libinit2.o(.ARM.Collect$$libinit$$00000032)
    .ARM.Collect$$libinit$$00000033          0x0800019e   Section        2  libinit2.o(.ARM.Collect$$libinit$$00000033)
    .ARM.Collect$$libshutdown$$00000000      0x080001a0   Section        2  libshutdown.o(.ARM.Collect$$libshutdown$$00000000)
    .ARM.Collect$$libshutdown$$00000003      0x080001a2   Section        0  libshutdown2.o(.ARM.Collect$$libshutdown$$00000003)
    .ARM.Collect$$libshutdown$$00000006      0x080001a2   Section        0  libshutdown2.o(.ARM.Collect$$libshutdown$$00000006)
    .ARM.Collect$$libshutdown$$00000009      0x080001a2   Section        0  libshutdown2.o(.ARM.Collect$$libshutdown$$00000009)
    .ARM.Collect$$libshutdown$$0000000B      0x080001a2   Section        0  libshutdown2.o(.ARM.Collect$$libshutdown$$0000000B)
    .ARM.Collect$$libshutdown$$0000000E      0x080001a2   Section        0  libshutdown2.o(.ARM.Collect$$libshutdown$$0000000E)
    .ARM.Collect$$libshutdown$$0000000F      0x080001a2   Section        2  libshutdown2.o(.ARM.Collect$$libshutdown$$0000000F)
    .ARM.Collect$$rtentry$$00000000          0x080001a4   Section        0  __rtentry.o(.ARM.Collect$$rtentry$$00000000)
    .ARM.Collect$$rtentry$$00000002          0x080001a4   Section        0  __rtentry2.o(.ARM.Collect$$rtentry$$00000002)
    .ARM.Collect$$rtentry$$00000004          0x080001a4   Section        6  __rtentry4.o(.ARM.Collect$$rtentry$$00000004)
    .ARM.Collect$$rtentry$$00000009          0x080001aa   Section        0  __rtentry2.o(.ARM.Collect$$rtentry$$00000009)
    .ARM.Collect$$rtentry$$0000000A          0x080001aa   Section        4  __rtentry2.o(.ARM.Collect$$rtentry$$0000000A)
    .ARM.Collect$$rtentry$$0000000C          0x080001ae   Section        0  __rtentry2.o(.ARM.Collect$$rtentry$$0000000C)
    .ARM.Collect$$rtentry$$0000000D          0x080001ae   Section        8  __rtentry2.o(.ARM.Collect$$rtentry$$0000000D)
    .ARM.Collect$$rtexit$$00000000           0x080001b6   Section        2  rtexit.o(.ARM.Collect$$rtexit$$00000000)
    .ARM.Collect$$rtexit$$00000002           0x080001b8   Section        0  rtexit2.o(.ARM.Collect$$rtexit$$00000002)
    .ARM.Collect$$rtexit$$00000003           0x080001b8   Section        4  rtexit2.o(.ARM.Collect$$rtexit$$00000003)
    .ARM.Collect$$rtexit$$00000004           0x080001bc   Section        6  rtexit2.o(.ARM.Collect$$rtexit$$00000004)
    .emb_text                                0x080001c4   Section        0  maybetermalloc1.o(.emb_text)
    .text                                    0x080001c4   Section       64  startup_stm32f100xb.o(.text)
    .text                                    0x08000204   Section        0  system_stm32f1xx.o(.text)
    .text                                    0x080002f8   Section        0  stm32f1xx_ll_usart.o(.text)
    LL_USART_SetBaudRate                     0x080002f9   Thumb Code   322  stm32f1xx_ll_usart.o(.text)
    LL_USART_IsEnabled                       0x0800058b   Thumb Code    10  stm32f1xx_ll_usart.o(.text)
    LL_APB1_GRP1_ForceReset                  0x08000595   Thumb Code    12  stm32f1xx_ll_usart.o(.text)
    LL_APB1_GRP1_ReleaseReset                0x080005a1   Thumb Code    12  stm32f1xx_ll_usart.o(.text)
    .text                                    0x080005bc   Section        0  stm32f1xx_ll_rcc.o(.text)
    .text                                    0x08000754   Section        0  stm32f1xx_ll_dma.o(.text)
    .text                                    0x080008e0   Section        0  main.o(.text)
    .text                                    0x08000a3c   Section        0  stm32f1xx_it.o(.text)
    .text                                    0x08000a5c   Section        0  device_handler.o(.text)
    .text                                    0x08000b20   Section        0  device.o(.text)
    LL_GPIO_SetPinMode                       0x08000b21   Thumb Code    44  device.o(.text)
    LL_GPIO_SetPinSpeed                      0x08000b4d   Thumb Code    44  device.o(.text)
    NVIC_EnableIRQ                           0x08000d47   Thumb Code    22  device.o(.text)
    LL_APB2_GRP1_EnableClock                 0x08000d5d   Thumb Code    24  device.o(.text)
    LL_GPIO_SetPinPull                       0x08000d75   Thumb Code    28  device.o(.text)
    LL_DMA_EnableChannel                     0x08000d91   Thumb Code    24  device.o(.text)
    LL_DMA_EnableIT_TC                       0x08000da9   Thumb Code    24  device.o(.text)
    LL_DMA_EnableIT_HT                       0x08000dc1   Thumb Code    24  device.o(.text)
    .text                                    0x08000e10   Section        0  host_core.o(.text)
    .text                                    0x08000ea0   Section        0  api_mcu.o(.text)
    .text                                    0x08000ecc   Section        0  crc.o(.text)
    .text                                    0x08000f18   Section        0  h1_alloc.o(.text)
    .text                                    0x08000f76   Section      138  rt_memcpy_v6.o(.text)
    .text                                    0x08001000   Section      100  rt_memcpy_w.o(.text)
    .text                                    0x08001064   Section       78  rt_memclr_w.o(.text)
    .text                                    0x080010b2   Section        0  heapauxi.o(.text)
    .text                                    0x080010b8   Section        8  rt_heap_descriptor_intlibspace.o(.text)
    .text                                    0x080010c0   Section        0  hguard.o(.text)
    .text                                    0x080010c4   Section        0  init_alloc.o(.text)
    .text                                    0x0800114e   Section        0  h1_init.o(.text)
    .text                                    0x0800115c   Section        0  h1_free.o(.text)
    .text                                    0x080011ac   Section        8  libspace.o(.text)
    .text                                    0x080011b4   Section        0  h1_extend.o(.text)
    .text                                    0x080011e8   Section        0  defsig_rtmem_outer.o(.text)
    .text                                    0x080011f6   Section        2  use_no_semi.o(.text)
    .text                                    0x080011f8   Section       74  sys_stackheap_outer.o(.text)
    .text                                    0x080011f8   Section        0  indicate_semi.o(.text)
    .text                                    0x08001242   Section        0  exit.o(.text)
    .text                                    0x0800124e   Section        0  defsig_exit.o(.text)
    .text                                    0x08001258   Section        0  defsig_rtmem_inner.o(.text)
    .text                                    0x080012a8   Section        0  sys_exit.o(.text)
    .text                                    0x080012b4   Section        0  defsig_general.o(.text)
    .text                                    0x080012e6   Section        0  sys_wrch.o(.text)
    .constdata                               0x080012f4   Section       24  system_stm32f1xx.o(.constdata)
    .constdata                               0x0800130c   Section        7  stm32f1xx_ll_dma.o(.constdata)
    CHANNEL_OFFSET_TAB                       0x0800130c   Data           7  stm32f1xx_ll_dma.o(.constdata)
    .constdata                               0x08001313   Section        7  device_handler.o(.constdata)
    CHANNEL_OFFSET_TAB                       0x08001313   Data           7  device_handler.o(.constdata)
    .constdata                               0x0800131c   Section      120  device.o(.constdata)
    CHANNEL_OFFSET_TAB                       0x0800131c   Data           7  device.o(.constdata)
    <Data1>                                  0x08001328   Data          28  device.o(.constdata)
    .data                                    0x20000000   Section        4  system_stm32f1xx.o(.data)
    .data                                    0x20000004   Section       40  device.o(.data)
    .bss                                     0x2000002c   Section      400  device.o(.bss)
    .bss                                     0x200001bc   Section     1084  host_core.o(.bss)
    .bss                                     0x200005f8   Section       96  libspace.o(.bss)
    HEAP                                     0x20000658   Section      512  startup_stm32f100xb.o(HEAP)
    Heap_Mem                                 0x20000658   Data         512  startup_stm32f100xb.o(HEAP)
    STACK                                    0x20000858   Section     1024  startup_stm32f100xb.o(STACK)
    Stack_Mem                                0x20000858   Data        1024  startup_stm32f100xb.o(STACK)
    __initial_sp                             0x20000c58   Data           0  startup_stm32f100xb.o(STACK)

    Global Symbols

    Symbol Name                              Value     Ov Type        Size  Object(Section)

    BuildAttributes$$THM_ISAv4$P$D$K$B$S$PE$A:L22UL41UL21$X:L11$S22US41US21$IEEE1$IW$USESV6$~STKCKD$USESV7$~SHL$OTIME$ROPI$EBA8$UX$STANDARDLIB$REQ8$PRES8$EABIv2 0x00000000   Number         0  anon$$obj.o ABSOLUTE
    __ARM_use_no_argv                        0x00000000   Number         0  main.o ABSOLUTE
    __ARM_exceptions_init                     - Undefined Weak Reference
    __alloca_initialize                       - Undefined Weak Reference
    __arm_preinit_                            - Undefined Weak Reference
    __cpp_initialize__aeabi_                  - Undefined Weak Reference
    __cxa_finalize                            - Undefined Weak Reference
    __rt_locale                               - Undefined Weak Reference
    __sigvec_lookup                           - Undefined Weak Reference
    __user_heap_extent                        - Undefined Weak Reference
    _atexit_init                              - Undefined Weak Reference
    _call_atexit_fns                          - Undefined Weak Reference
    _clock_init                               - Undefined Weak Reference
    _fp_trap_init                             - Undefined Weak Reference
    _fp_trap_shutdown                         - Undefined Weak Reference
    _get_lc_collate                           - Undefined Weak Reference
    _get_lc_ctype                             - Undefined Weak Reference
    _get_lc_monetary                          - Undefined Weak Reference
    _get_lc_numeric                           - Undefined Weak Reference
    _get_lc_time                              - Undefined Weak Reference
    _getenv_init                              - Undefined Weak Reference
    _handle_redirection                       - Undefined Weak Reference
    _initio                                   - Undefined Weak Reference
    _mutex_acquire                            - Undefined Weak Reference
    _mutex_free                               - Undefined Weak Reference
    _mutex_release                            - Undefined Weak Reference
    _rand_init                                - Undefined Weak Reference
    _signal_finish                            - Undefined Weak Reference
    _signal_init                              - Undefined Weak Reference
    _terminateio                              - Undefined Weak Reference
    __Vectors_Size                           0x00000120   Number         0  startup_stm32f100xb.o ABSOLUTE
    __Vectors                                0x08000000   Data           4  startup_stm32f100xb.o(RESET)
    __Vectors_End                            0x08000120   Data           0  startup_stm32f100xb.o(RESET)
    __main                                   0x08000121   Thumb Code     8  __main.o(!!!main)
    __scatterload                            0x08000129   Thumb Code     0  __scatter.o(!!!scatter)
    __scatterload_rt2                        0x08000129   Thumb Code    44  __scatter.o(!!!scatter)
    __scatterload_rt2_thumb_only             0x08000129   Thumb Code     0  __scatter.o(!!!scatter)
    __scatterload_null                       0x08000137   Thumb Code     0  __scatter.o(!!!scatter)
    __scatterload_copy                       0x0800015d   Thumb Code    26  __scatter_copy.o(!!handler_copy)
    __scatterload_zeroinit                   0x08000179   Thumb Code    28  __scatter_zi.o(!!handler_zi)
    __rt_lib_init                            0x08000195   Thumb Code     0  libinit.o(.ARM.Collect$$libinit$$00000000)
    __rt_lib_init_fp_1                       0x08000197   Thumb Code     0  libinit2.o(.ARM.Collect$$libinit$$00000002)
    __rt_lib_init_heap_2                     0x08000197   Thumb Code     0  libinit2.o(.ARM.Collect$$libinit$$00000005)
    __rt_lib_init_preinit_1                  0x08000197   Thumb Code     0  libinit2.o(.ARM.Collect$$libinit$$00000004)
    __rt_lib_init_alloca_1                   0x0800019f   Thumb Code     0  libinit2.o(.ARM.Collect$$libinit$$0000002E)
    __rt_lib_init_argv_1                     0x0800019f   Thumb Code     0  libinit2.o(.ARM.Collect$$libinit$$0000002C)
    __rt_lib_init_atexit_1                   0x0800019f   Thumb Code     0  libinit2.o(.ARM.Collect$$libinit$$0000001B)
    __rt_lib_init_clock_1                    0x0800019f   Thumb Code     0  libinit2.o(.ARM.Collect$$libinit$$00000021)
    __rt_lib_init_cpp_1                      0x0800019f   Thumb Code     0  libinit2.o(.ARM.Collect$$libinit$$00000032)
    __rt_lib_init_exceptions_1               0x0800019f   Thumb Code     0  libinit2.o(.ARM.Collect$$libinit$$00000030)
    __rt_lib_init_fp_trap_1                  0x0800019f   Thumb Code     0  libinit2.o(.ARM.Collect$$libinit$$0000001F)
    __rt_lib_init_getenv_1                   0x0800019f   Thumb Code     0  libinit2.o(.ARM.Collect$$libinit$$00000023)
    __rt_lib_init_heap_1                     0x0800019f   Thumb Code     0  libinit2.o(.ARM.Collect$$libinit$$0000000A)
    __rt_lib_init_lc_collate_1               0x0800019f   Thumb Code     0  libinit2.o(.ARM.Collect$$libinit$$00000011)
    __rt_lib_init_lc_ctype_1                 0x0800019f   Thumb Code     0  libinit2.o(.ARM.Collect$$libinit$$00000013)
    __rt_lib_init_lc_monetary_1              0x0800019f   Thumb Code     0  libinit2.o(.ARM.Collect$$libinit$$00000015)
    __rt_lib_init_lc_numeric_1               0x0800019f   Thumb Code     0  libinit2.o(.ARM.Collect$$libinit$$00000017)
    __rt_lib_init_lc_time_1                  0x0800019f   Thumb Code     0  libinit2.o(.ARM.Collect$$libinit$$00000019)
    __rt_lib_init_rand_1                     0x0800019f   Thumb Code     0  libinit2.o(.ARM.Collect$$libinit$$0000000E)
    __rt_lib_init_return                     0x0800019f   Thumb Code     0  libinit2.o(.ARM.Collect$$libinit$$00000033)
    __rt_lib_init_signal_1                   0x0800019f   Thumb Code     0  libinit2.o(.ARM.Collect$$libinit$$0000001D)
    __rt_lib_init_stdio_1                    0x0800019f   Thumb Code     0  libinit2.o(.ARM.Collect$$libinit$$00000025)
    __rt_lib_init_user_alloc_1               0x0800019f   Thumb Code     0  libinit2.o(.ARM.Collect$$libinit$$0000000C)
    __rt_lib_shutdown                        0x080001a1   Thumb Code     0  libshutdown.o(.ARM.Collect$$libshutdown$$00000000)
    __rt_lib_shutdown_fp_trap_1              0x080001a3   Thumb Code     0  libshutdown2.o(.ARM.Collect$$libshutdown$$00000006)
    __rt_lib_shutdown_heap_1                 0x080001a3   Thumb Code     0  libshutdown2.o(.ARM.Collect$$libshutdown$$0000000E)
    __rt_lib_shutdown_return                 0x080001a3   Thumb Code     0  libshutdown2.o(.ARM.Collect$$libshutdown$$0000000F)
    __rt_lib_shutdown_signal_1               0x080001a3   Thumb Code     0  libshutdown2.o(.ARM.Collect$$libshutdown$$00000009)
    __rt_lib_shutdown_stdio_1                0x080001a3   Thumb Code     0  libshutdown2.o(.ARM.Collect$$libshutdown$$00000003)
    __rt_lib_shutdown_user_alloc_1           0x080001a3   Thumb Code     0  libshutdown2.o(.ARM.Collect$$libshutdown$$0000000B)
    __rt_entry                               0x080001a5   Thumb Code     0  __rtentry.o(.ARM.Collect$$rtentry$$00000000)
    __rt_entry_presh_1                       0x080001a5   Thumb Code     0  __rtentry2.o(.ARM.Collect$$rtentry$$00000002)
    __rt_entry_sh                            0x080001a5   Thumb Code     0  __rtentry4.o(.ARM.Collect$$rtentry$$00000004)
    __rt_entry_li                            0x080001ab   Thumb Code     0  __rtentry2.o(.ARM.Collect$$rtentry$$0000000A)
    __rt_entry_postsh_1                      0x080001ab   Thumb Code     0  __rtentry2.o(.ARM.Collect$$rtentry$$00000009)
    __rt_entry_main                          0x080001af   Thumb Code     0  __rtentry2.o(.ARM.Collect$$rtentry$$0000000D)
    __rt_entry_postli_1                      0x080001af   Thumb Code     0  __rtentry2.o(.ARM.Collect$$rtentry$$0000000C)
    __rt_exit                                0x080001b7   Thumb Code     0  rtexit.o(.ARM.Collect$$rtexit$$00000000)
    __rt_exit_ls                             0x080001b9   Thumb Code     0  rtexit2.o(.ARM.Collect$$rtexit$$00000003)
    __rt_exit_prels_1                        0x080001b9   Thumb Code     0  rtexit2.o(.ARM.Collect$$rtexit$$00000002)
    __rt_exit_exit                           0x080001bd   Thumb Code     0  rtexit2.o(.ARM.Collect$$rtexit$$00000004)
    Reset_Handler                            0x080001c5   Thumb Code     8  startup_stm32f100xb.o(.text)
    _maybe_terminate_alloc                   0x080001c5   Thumb Code     0  maybetermalloc1.o(.emb_text)
    ADC1_IRQHandler                          0x080001df   Thumb Code     0  startup_stm32f100xb.o(.text)
    CEC_IRQHandler                           0x080001df   Thumb Code     0  startup_stm32f100xb.o(.text)
    DMA1_Channel1_IRQHandler                 0x080001df   Thumb Code     0  startup_stm32f100xb.o(.text)
    DMA1_Channel2_IRQHandler                 0x080001df   Thumb Code     0  startup_stm32f100xb.o(.text)
    DMA1_Channel3_IRQHandler                 0x080001df   Thumb Code     0  startup_stm32f100xb.o(.text)
    DMA1_Channel6_IRQHandler                 0x080001df   Thumb Code     0  startup_stm32f100xb.o(.text)
    DMA1_Channel7_IRQHandler                 0x080001df   Thumb Code     0  startup_stm32f100xb.o(.text)
    EXTI0_IRQHandler                         0x080001df   Thumb Code     0  startup_stm32f100xb.o(.text)
    EXTI15_10_IRQHandler                     0x080001df   Thumb Code     0  startup_stm32f100xb.o(.text)
    EXTI1_IRQHandler                         0x080001df   Thumb Code     0  startup_stm32f100xb.o(.text)
    EXTI2_IRQHandler                         0x080001df   Thumb Code     0  startup_stm32f100xb.o(.text)
    EXTI3_IRQHandler                         0x080001df   Thumb Code     0  startup_stm32f100xb.o(.text)
    EXTI4_IRQHandler                         0x080001df   Thumb Code     0  startup_stm32f100xb.o(.text)
    EXTI9_5_IRQHandler                       0x080001df   Thumb Code     0  startup_stm32f100xb.o(.text)
    FLASH_IRQHandler                         0x080001df   Thumb Code     0  startup_stm32f100xb.o(.text)
    I2C1_ER_IRQHandler                       0x080001df   Thumb Code     0  startup_stm32f100xb.o(.text)
    I2C1_EV_IRQHandler                       0x080001df   Thumb Code     0  startup_stm32f100xb.o(.text)
    I2C2_ER_IRQHandler                       0x080001df   Thumb Code     0  startup_stm32f100xb.o(.text)
    I2C2_EV_IRQHandler                       0x080001df   Thumb Code     0  startup_stm32f100xb.o(.text)
    PVD_IRQHandler                           0x080001df   Thumb Code     0  startup_stm32f100xb.o(.text)
    RCC_IRQHandler                           0x080001df   Thumb Code     0  startup_stm32f100xb.o(.text)
    RTCAlarm_IRQHandler                      0x080001df   Thumb Code     0  startup_stm32f100xb.o(.text)
    RTC_IRQHandler                           0x080001df   Thumb Code     0  startup_stm32f100xb.o(.text)
    SPI1_IRQHandler                          0x080001df   Thumb Code     0  startup_stm32f100xb.o(.text)
    SPI2_IRQHandler                          0x080001df   Thumb Code     0  startup_stm32f100xb.o(.text)
    TAMPER_IRQHandler                        0x080001df   Thumb Code     0  startup_stm32f100xb.o(.text)
    TIM1_BRK_TIM15_IRQHandler                0x080001df   Thumb Code     0  startup_stm32f100xb.o(.text)
    TIM1_CC_IRQHandler                       0x080001df   Thumb Code     0  startup_stm32f100xb.o(.text)
    TIM1_TRG_COM_TIM17_IRQHandler            0x080001df   Thumb Code     0  startup_stm32f100xb.o(.text)
    TIM1_UP_TIM16_IRQHandler                 0x080001df   Thumb Code     0  startup_stm32f100xb.o(.text)
    TIM2_IRQHandler                          0x080001df   Thumb Code     0  startup_stm32f100xb.o(.text)
    TIM3_IRQHandler                          0x080001df   Thumb Code     0  startup_stm32f100xb.o(.text)
    TIM4_IRQHandler                          0x080001df   Thumb Code     0  startup_stm32f100xb.o(.text)
    TIM6_DAC_IRQHandler                      0x080001df   Thumb Code     0  startup_stm32f100xb.o(.text)
    TIM7_IRQHandler                          0x080001df   Thumb Code     0  startup_stm32f100xb.o(.text)
    USART1_IRQHandler                        0x080001df   Thumb Code     0  startup_stm32f100xb.o(.text)
    USART2_IRQHandler                        0x080001df   Thumb Code     0  startup_stm32f100xb.o(.text)
    USART3_IRQHandler                        0x080001df   Thumb Code     0  startup_stm32f100xb.o(.text)
    WWDG_IRQHandler                          0x080001df   Thumb Code     0  startup_stm32f100xb.o(.text)
    __user_initial_stackheap                 0x080001e1   Thumb Code     0  startup_stm32f100xb.o(.text)
    SystemInit                               0x08000205   Thumb Code    74  system_stm32f1xx.o(.text)
    SystemCoreClockUpdate                    0x0800024f   Thumb Code   138  system_stm32f1xx.o(.text)
    LL_USART_DeInit                          0x0800043b   Thumb Code    94  stm32f1xx_ll_usart.o(.text)
    LL_USART_Init                            0x08000499   Thumb Code   138  stm32f1xx_ll_usart.o(.text)
    LL_USART_StructInit                      0x08000523   Thumb Code    26  stm32f1xx_ll_usart.o(.text)
    LL_USART_ClockInit                       0x0800053d   Thumb Code    66  stm32f1xx_ll_usart.o(.text)
    LL_USART_ClockStructInit                 0x0800057f   Thumb Code    12  stm32f1xx_ll_usart.o(.text)
    LL_RCC_DeInit                            0x080005bd   Thumb Code    76  stm32f1xx_ll_rcc.o(.text)
    RCC_GetPCLK2ClockFreq                    0x08000609   Thumb Code    26  stm32f1xx_ll_rcc.o(.text)
    RCC_GetPCLK1ClockFreq                    0x08000623   Thumb Code    26  stm32f1xx_ll_rcc.o(.text)
    RCC_GetHCLKClockFreq                     0x0800063d   Thumb Code    24  stm32f1xx_ll_rcc.o(.text)
    RCC_PLL_GetFreqDomain_SYS                0x08000655   Thumb Code    76  stm32f1xx_ll_rcc.o(.text)
    RCC_GetSystemClockFreq                   0x080006a1   Thumb Code    52  stm32f1xx_ll_rcc.o(.text)
    LL_RCC_GetSystemClocksFreq               0x080006d5   Thumb Code    36  stm32f1xx_ll_rcc.o(.text)
    LL_RCC_GetADCClockFreq                   0x080006f9   Thumb Code    64  stm32f1xx_ll_rcc.o(.text)
    LL_DMA_DeInit                            0x08000755   Thumb Code   248  stm32f1xx_ll_dma.o(.text)
    LL_DMA_Init                              0x0800084d   Thumb Code   114  stm32f1xx_ll_dma.o(.text)
    LL_DMA_StructInit                        0x080008bf   Thumb Code    24  stm32f1xx_ll_dma.o(.text)
    delay                                    0x080008e1   Thumb Code    12  main.o(.text)
    SystemClock_Config                       0x080008ed   Thumb Code   266  main.o(.text)
    main                                     0x080009f7   Thumb Code    38  main.o(.text)
    NMI_Handler                              0x08000a3d   Thumb Code     2  stm32f1xx_it.o(.text)
    HardFault_Handler                        0x08000a3f   Thumb Code     4  stm32f1xx_it.o(.text)
    MemManage_Handler                        0x08000a43   Thumb Code     4  stm32f1xx_it.o(.text)
    BusFault_Handler                         0x08000a47   Thumb Code     4  stm32f1xx_it.o(.text)
    UsageFault_Handler                       0x08000a4b   Thumb Code     4  stm32f1xx_it.o(.text)
    SVC_Handler                              0x08000a4f   Thumb Code     2  stm32f1xx_it.o(.text)
    DebugMon_Handler                         0x08000a51   Thumb Code     2  stm32f1xx_it.o(.text)
    PendSV_Handler                           0x08000a53   Thumb Code     2  stm32f1xx_it.o(.text)
    SysTick_Handler                          0x08000a55   Thumb Code     6  stm32f1xx_it.o(.text)
    DMA1_Channel4_IRQHandler                 0x08000a5d   Thumb Code    92  device_handler.o(.text)
    DMA1_Channel5_IRQHandler                 0x08000ab9   Thumb Code    84  device_handler.o(.text)
    INTERCOM_Send                            0x08000b79   Thumb Code   106  device.o(.text)
    INTERCOM_Setup                           0x08000be3   Thumb Code   356  device.o(.text)
    host_Clear                               0x08000e11   Thumb Code    22  host_core.o(.text)
    host_Bind                                0x08000e27   Thumb Code    38  host_core.o(.text)
    host_Exec                                0x08000e4d   Thumb Code    46  host_core.o(.text)
    host_Exec32                              0x08000e7b   Thumb Code    30  host_core.o(.text)
    hostapi_Check                            0x08000e99   Thumb Code     2  host_core.o(.text)
    hostapi_MCU_MEMREAD                      0x08000ea1   Thumb Code    38  api_mcu.o(.text)
    hostapi_MCU_MEMWRITE                     0x08000ec7   Thumb Code     6  api_mcu.o(.text)
    revbit                                   0x08000ecd   Thumb Code     4  crc.o(.text)
    CRC32_Calc                               0x08000ed1   Thumb Code    64  crc.o(.text)
    malloc                                   0x08000f19   Thumb Code    94  h1_alloc.o(.text)
    __aeabi_memcpy                           0x08000f77   Thumb Code     0  rt_memcpy_v6.o(.text)
    __rt_memcpy                              0x08000f77   Thumb Code   138  rt_memcpy_v6.o(.text)
    _memcpy_lastbytes                        0x08000fdd   Thumb Code     0  rt_memcpy_v6.o(.text)
    __aeabi_memcpy4                          0x08001001   Thumb Code     0  rt_memcpy_w.o(.text)
    __aeabi_memcpy8                          0x08001001   Thumb Code     0  rt_memcpy_w.o(.text)
    __rt_memcpy_w                            0x08001001   Thumb Code   100  rt_memcpy_w.o(.text)
    _memcpy_lastbytes_aligned                0x08001049   Thumb Code     0  rt_memcpy_w.o(.text)
    __aeabi_memclr4                          0x08001065   Thumb Code     0  rt_memclr_w.o(.text)
    __aeabi_memclr8                          0x08001065   Thumb Code     0  rt_memclr_w.o(.text)
    __rt_memclr_w                            0x08001065   Thumb Code    78  rt_memclr_w.o(.text)
    _memset_w                                0x08001069   Thumb Code     0  rt_memclr_w.o(.text)
    __use_two_region_memory                  0x080010b3   Thumb Code     2  heapauxi.o(.text)
    __rt_heap_escrow                         0x080010b5   Thumb Code     2  heapauxi.o(.text)
    __rt_heap_expand                         0x080010b7   Thumb Code     2  heapauxi.o(.text)
    __rt_heap_descriptor                     0x080010b9   Thumb Code     8  rt_heap_descriptor_intlibspace.o(.text)
    __use_no_heap                            0x080010c1   Thumb Code     2  hguard.o(.text)
    __heap$guard                             0x080010c3   Thumb Code     2  hguard.o(.text)
    _terminate_user_alloc                    0x080010c5   Thumb Code     2  init_alloc.o(.text)
    _init_user_alloc                         0x080010c7   Thumb Code     2  init_alloc.o(.text)
    __Heap_Full                              0x080010c9   Thumb Code    34  init_alloc.o(.text)
    __Heap_Broken                            0x080010eb   Thumb Code     6  init_alloc.o(.text)
    _init_alloc                              0x080010f1   Thumb Code    94  init_alloc.o(.text)
    __Heap_Initialize                        0x0800114f   Thumb Code    10  h1_init.o(.text)
    __Heap_DescSize                          0x08001159   Thumb Code     4  h1_init.o(.text)
    free                                     0x0800115d   Thumb Code    78  h1_free.o(.text)
    __user_libspace                          0x080011ad   Thumb Code     8  libspace.o(.text)
    __user_perproc_libspace                  0x080011ad   Thumb Code     0  libspace.o(.text)
    __user_perthread_libspace                0x080011ad   Thumb Code     0  libspace.o(.text)
    __Heap_ProvideMemory                     0x080011b5   Thumb Code    52  h1_extend.o(.text)
    __rt_SIGRTMEM                            0x080011e9   Thumb Code    14  defsig_rtmem_outer.o(.text)
    __I$use$semihosting                      0x080011f7   Thumb Code     0  use_no_semi.o(.text)
    __use_no_semihosting_swi                 0x080011f7   Thumb Code     2  use_no_semi.o(.text)
    __semihosting_library_function           0x080011f9   Thumb Code     0  indicate_semi.o(.text)
    __user_setup_stackheap                   0x080011f9   Thumb Code    74  sys_stackheap_outer.o(.text)
    exit                                     0x08001243   Thumb Code    12  exit.o(.text)
    __sig_exit                               0x0800124f   Thumb Code    10  defsig_exit.o(.text)
    __rt_SIGRTMEM_inner                      0x08001259   Thumb Code    22  defsig_rtmem_inner.o(.text)
    _sys_exit                                0x080012a9   Thumb Code     8  sys_exit.o(.text)
    __default_signal_display                 0x080012b5   Thumb Code    50  defsig_general.o(.text)
    _ttywrch                                 0x080012e7   Thumb Code    14  sys_wrch.o(.text)
    AHBPrescTable                            0x080012f4   Data          16  system_stm32f1xx.o(.constdata)
    APBPrescTable                            0x08001304   Data           8  system_stm32f1xx.o(.constdata)
    __SIZE_FRAME                             0x08001324   Data           2  device.o(.constdata)
    Region$$Table$$Base                      0x08001394   Number         0  anon$$obj.o(Region$$Table)
    Region$$Table$$Limit                     0x080013b4   Number         0  anon$$obj.o(Region$$Table)
    SystemCoreClock                          0x20000000   Data           4  system_stm32f1xx.o(.data)
    _xusart                                  0x20000004   Data           4  device.o(.data)
    _xdma                                    0x20000008   Data           4  device.o(.data)
    _xdma_chTX                               0x2000000c   Data           4  device.o(.data)
    _xdma_chRX                               0x20000010   Data           4  device.o(.data)
    _xgpio                                   0x20000014   Data           4  device.o(.data)
    _xgpio_pinTX                             0x20000018   Data           4  device.o(.data)
    _xgpio_pinRX                             0x2000001c   Data           4  device.o(.data)
    device_use_CRC                           0x20000020   Data           1  device.o(.data)
    tx                                       0x20000024   Data           4  device.o(.data)
    rx                                       0x20000028   Data           4  device.o(.data)
    device_bufferTx                          0x2000002c   Data         200  device.o(.bss)
    device_bufferRx                          0x200000f4   Data         200  device.o(.bss)
    vm_stream_1                              0x200001bc   Data          32  host_core.o(.bss)
    vm_stream_2                              0x200001dc   Data          32  host_core.o(.bss)
    vm_tableFunction                         0x200001fc   Data        1020  host_core.o(.bss)
    __libspace_start                         0x200005f8   Data          96  libspace.o(.bss)
    __temporary_stack_top$libspace           0x20000658   Data           0  libspace.o(.bss)



==============================================================================

Memory Map of the image

  Image Entry point : 0x08000121

  Load Region LR_IROM1 (Base: 0x08000000, Size: 0x000013e0, Max: 0x00010000, ABSOLUTE)

    Execution Region ER_IROM1 (Base: 0x08000000, Size: 0x000013b4, Max: 0x00010000, ABSOLUTE)

    Base Addr    Size         Type   Attr      Idx    E Section Name        Object

    0x08000000   0x00000120   Data   RO            3    RESET               startup_stm32f100xb.o
    0x08000120   0x00000008   Code   RO          834  * !!!main             c_w.l(__main.o)
    0x08000128   0x00000034   Code   RO         1040    !!!scatter          c_w.l(__scatter.o)
    0x0800015c   0x0000001a   Code   RO         1042    !!handler_copy      c_w.l(__scatter_copy.o)
    0x08000176   0x00000002   PAD
    0x08000178   0x0000001c   Code   RO         1044    !!handler_zi        c_w.l(__scatter_zi.o)
    0x08000194   0x00000002   Code   RO          980    .ARM.Collect$$libinit$$00000000  c_w.l(libinit.o)
    0x08000196   0x00000000   Code   RO          873    .ARM.Collect$$libinit$$00000002  c_w.l(libinit2.o)
    0x08000196   0x00000000   Code   RO          875    .ARM.Collect$$libinit$$00000004  c_w.l(libinit2.o)
    0x08000196   0x00000008   Code   RO          876    .ARM.Collect$$libinit$$00000005  c_w.l(libinit2.o)
    0x0800019e   0x00000000   Code   RO          878    .ARM.Collect$$libinit$$0000000A  c_w.l(libinit2.o)
    0x0800019e   0x00000000   Code   RO          880    .ARM.Collect$$libinit$$0000000C  c_w.l(libinit2.o)
    0x0800019e   0x00000000   Code   RO          882    .ARM.Collect$$libinit$$0000000E  c_w.l(libinit2.o)
    0x0800019e   0x00000000   Code   RO          885    .ARM.Collect$$libinit$$00000011  c_w.l(libinit2.o)
    0x0800019e   0x00000000   Code   RO          887    .ARM.Collect$$libinit$$00000013  c_w.l(libinit2.o)
    0x0800019e   0x00000000   Code   RO          889    .ARM.Collect$$libinit$$00000015  c_w.l(libinit2.o)
    0x0800019e   0x00000000   Code   RO          891    .ARM.Collect$$libinit$$00000017  c_w.l(libinit2.o)
    0x0800019e   0x00000000   Code   RO          893    .ARM.Collect$$libinit$$00000019  c_w.l(libinit2.o)
    0x0800019e   0x00000000   Code   RO          895    .ARM.Collect$$libinit$$0000001B  c_w.l(libinit2.o)
    0x0800019e   0x00000000   Code   RO          897    .ARM.Collect$$libinit$$0000001D  c_w.l(libinit2.o)
    0x0800019e   0x00000000   Code   RO          899    .ARM.Collect$$libinit$$0000001F  c_w.l(libinit2.o)
    0x0800019e   0x00000000   Code   RO          901    .ARM.Collect$$libinit$$00000021  c_w.l(libinit2.o)
    0x0800019e   0x00000000   Code   RO          903    .ARM.Collect$$libinit$$00000023  c_w.l(libinit2.o)
    0x0800019e   0x00000000   Code   RO          905    .ARM.Collect$$libinit$$00000025  c_w.l(libinit2.o)
    0x0800019e   0x00000000   Code   RO          909    .ARM.Collect$$libinit$$0000002C  c_w.l(libinit2.o)
    0x0800019e   0x00000000   Code   RO          911    .ARM.Collect$$libinit$$0000002E  c_w.l(libinit2.o)
    0x0800019e   0x00000000   Code   RO          913    .ARM.Collect$$libinit$$00000030  c_w.l(libinit2.o)
    0x0800019e   0x00000000   Code   RO          915    .ARM.Collect$$libinit$$00000032  c_w.l(libinit2.o)
    0x0800019e   0x00000002   Code   RO          916    .ARM.Collect$$libinit$$00000033  c_w.l(libinit2.o)
    0x080001a0   0x00000002   Code   RO         1037    .ARM.Collect$$libshutdown$$00000000  c_w.l(libshutdown.o)
    0x080001a2   0x00000000   Code   RO          995    .ARM.Collect$$libshutdown$$00000003  c_w.l(libshutdown2.o)
    0x080001a2   0x00000000   Code   RO          998    .ARM.Collect$$libshutdown$$00000006  c_w.l(libshutdown2.o)
    0x080001a2   0x00000000   Code   RO         1001    .ARM.Collect$$libshutdown$$00000009  c_w.l(libshutdown2.o)
    0x080001a2   0x00000000   Code   RO         1003    .ARM.Collect$$libshutdown$$0000000B  c_w.l(libshutdown2.o)
    0x080001a2   0x00000000   Code   RO         1006    .ARM.Collect$$libshutdown$$0000000E  c_w.l(libshutdown2.o)
    0x080001a2   0x00000002   Code   RO         1007    .ARM.Collect$$libshutdown$$0000000F  c_w.l(libshutdown2.o)
    0x080001a4   0x00000000   Code   RO          838    .ARM.Collect$$rtentry$$00000000  c_w.l(__rtentry.o)
    0x080001a4   0x00000000   Code   RO          923    .ARM.Collect$$rtentry$$00000002  c_w.l(__rtentry2.o)
    0x080001a4   0x00000006   Code   RO          935    .ARM.Collect$$rtentry$$00000004  c_w.l(__rtentry4.o)
    0x080001aa   0x00000000   Code   RO          925    .ARM.Collect$$rtentry$$00000009  c_w.l(__rtentry2.o)
    0x080001aa   0x00000004   Code   RO          926    .ARM.Collect$$rtentry$$0000000A  c_w.l(__rtentry2.o)
    0x080001ae   0x00000000   Code   RO          928    .ARM.Collect$$rtentry$$0000000C  c_w.l(__rtentry2.o)
    0x080001ae   0x00000008   Code   RO          929    .ARM.Collect$$rtentry$$0000000D  c_w.l(__rtentry2.o)
    0x080001b6   0x00000002   Code   RO          983    .ARM.Collect$$rtexit$$00000000  c_w.l(rtexit.o)
    0x080001b8   0x00000000   Code   RO         1011    .ARM.Collect$$rtexit$$00000002  c_w.l(rtexit2.o)
    0x080001b8   0x00000004   Code   RO         1012    .ARM.Collect$$rtexit$$00000003  c_w.l(rtexit2.o)
    0x080001bc   0x00000006   Code   RO         1013    .ARM.Collect$$rtexit$$00000004  c_w.l(rtexit2.o)
    0x080001c2   0x00000002   PAD
    0x080001c4   0x00000000   Code   RO          939    .emb_text           c_w.l(maybetermalloc1.o)
    0x080001c4   0x00000040   Code   RO            4    .text               startup_stm32f100xb.o
    0x08000204   0x000000f4   Code   RO           13    .text               system_stm32f1xx.o
    0x080002f8   0x000002c4   Code   RO          104    .text               stm32f1xx_ll_usart.o
    0x080005bc   0x00000198   Code   RO          223    .text               stm32f1xx_ll_rcc.o
    0x08000754   0x0000018c   Code   RO          337    .text               stm32f1xx_ll_dma.o
    0x080008e0   0x0000015c   Code   RO          450    .text               main.o
    0x08000a3c   0x0000001e   Code   RO          546    .text               stm32f1xx_it.o
    0x08000a5a   0x00000002   PAD
    0x08000a5c   0x000000c4   Code   RO          575    .text               device_handler.o
    0x08000b20   0x000002f0   Code   RO          618    .text               device.o
    0x08000e10   0x00000090   Code   RO          686    .text               host_core.o
    0x08000ea0   0x0000002c   Code   RO          708    .text               api_mcu.o
    0x08000ecc   0x0000004c   Code   RO          742    .text               crc.o
    0x08000f18   0x0000005e   Code   RO          770    .text               c_w.l(h1_alloc.o)
    0x08000f76   0x0000008a   Code   RO          824    .text               c_w.l(rt_memcpy_v6.o)
    0x08001000   0x00000064   Code   RO          826    .text               c_w.l(rt_memcpy_w.o)
    0x08001064   0x0000004e   Code   RO          830    .text               c_w.l(rt_memclr_w.o)
    0x080010b2   0x00000006   Code   RO          832    .text               c_w.l(heapauxi.o)
    0x080010b8   0x00000008   Code   RO          842    .text               c_w.l(rt_heap_descriptor_intlibspace.o)
    0x080010c0   0x00000004   Code   RO          844    .text               c_w.l(hguard.o)
    0x080010c4   0x0000008a   Code   RO          846    .text               c_w.l(init_alloc.o)
    0x0800114e   0x0000000e   Code   RO          852    .text               c_w.l(h1_init.o)
    0x0800115c   0x0000004e   Code   RO          854    .text               c_w.l(h1_free.o)
    0x080011aa   0x00000002   PAD
    0x080011ac   0x00000008   Code   RO          919    .text               c_w.l(libspace.o)
    0x080011b4   0x00000034   Code   RO          941    .text               c_w.l(h1_extend.o)
    0x080011e8   0x0000000e   Code   RO          945    .text               c_w.l(defsig_rtmem_outer.o)
    0x080011f6   0x00000002   Code   RO          956    .text               c_w.l(use_no_semi.o)
    0x080011f8   0x00000000   Code   RO          958    .text               c_w.l(indicate_semi.o)
    0x080011f8   0x0000004a   Code   RO          959    .text               c_w.l(sys_stackheap_outer.o)
    0x08001242   0x0000000c   Code   RO          965    .text               c_w.l(exit.o)
    0x0800124e   0x0000000a   Code   RO          967    .text               c_w.l(defsig_exit.o)
    0x08001258   0x00000050   Code   RO          969    .text               c_w.l(defsig_rtmem_inner.o)
    0x080012a8   0x0000000c   Code   RO          981    .text               c_w.l(sys_exit.o)
    0x080012b4   0x00000032   Code   RO          991    .text               c_w.l(defsig_general.o)
    0x080012e6   0x0000000e   Code   RO         1008    .text               c_w.l(sys_wrch.o)
    0x080012f4   0x00000018   Data   RO           14    .constdata          system_stm32f1xx.o
    0x0800130c   0x00000007   Data   RO          338    .constdata          stm32f1xx_ll_dma.o
    0x08001313   0x00000007   Data   RO          576    .constdata          device_handler.o
    0x0800131a   0x00000002   PAD
    0x0800131c   0x00000078   Data   RO          620    .constdata          device.o
    0x08001394   0x00000020   Data   RO         1038    Region$$Table       anon$$obj.o


    Execution Region RW_IRAM1 (Base: 0x20000000, Size: 0x00000c58, Max: 0x00002000, ABSOLUTE)

    Base Addr    Size         Type   Attr      Idx    E Section Name        Object

    0x20000000   0x00000004   Data   RW           15    .data               system_stm32f1xx.o
    0x20000004   0x00000028   Data   RW          621    .data               device.o
    0x2000002c   0x00000190   Zero   RW          619    .bss                device.o
    0x200001bc   0x0000043c   Zero   RW          687    .bss                host_core.o
    0x200005f8   0x00000060   Zero   RW          920    .bss                c_w.l(libspace.o)
    0x20000658   0x00000200   Zero   RW            2    HEAP                startup_stm32f100xb.o
    0x20000858   0x00000400   Zero   RW            1    STACK               startup_stm32f100xb.o


==============================================================================

Image component sizes


      Code (inc. data)   RO Data    RW Data    ZI Data      Debug   Object Name

        44          0          0          0          0       1147   api_mcu.o
        76          8          0          0          0        792   crc.o
       752         56        120         40        400      61043   device.o
       196         20          7          0          0      12804   device_handler.o
       144          6          0          0       1084       2648   host_core.o
       348         32          0          0          0      34103   main.o
        64         26        288          0       1536        796   startup_stm32f100xb.o
        30          0          0          0          0       1286   stm32f1xx_it.o
       396         10          7          0          0      15318   stm32f1xx_ll_dma.o
       408         28          0          0          0      13280   stm32f1xx_ll_rcc.o
       708         16          0          0          0      29832   stm32f1xx_ll_usart.o
       244         32         24          4          0     206933   system_stm32f1xx.o

    ----------------------------------------------------------------------
      3412        234        480         44       3020     379982   Object Totals
         0          0         32          0          0          0   (incl. Generated)
         2          0          2          0          0          0   (incl. Padding)

    ----------------------------------------------------------------------

      Code (inc. data)   RO Data    RW Data    ZI Data      Debug   Library Member Name

         8          0          0          0          0         68   __main.o
         0          0          0          0          0          0   __rtentry.o
        12          0          0          0          0          0   __rtentry2.o
         6          0          0          0          0          0   __rtentry4.o
        52          8          0          0          0          0   __scatter.o
        26          0          0          0          0          0   __scatter_copy.o
        28          0          0          0          0          0   __scatter_zi.o
        10          0          0          0          0         68   defsig_exit.o
        50          0          0          0          0         88   defsig_general.o
        80         58          0          0          0         76   defsig_rtmem_inner.o
        14          0          0          0          0         80   defsig_rtmem_outer.o
        12          0          0          0          0         72   exit.o
        94          0          0          0          0         80   h1_alloc.o
        52          0          0          0          0         68   h1_extend.o
        78          0          0          0          0         80   h1_free.o
        14          0          0          0          0         84   h1_init.o
         6          0          0          0          0        152   heapauxi.o
         4          0          0          0          0        136   hguard.o
         0          0          0          0          0          0   indicate_semi.o
       138          0          0          0          0        168   init_alloc.o
         2          0          0          0          0          0   libinit.o
        10          0          0          0          0          0   libinit2.o
         2          0          0          0          0          0   libshutdown.o
         2          0          0          0          0          0   libshutdown2.o
         8          4          0          0         96         68   libspace.o
         0          0          0          0          0          0   maybetermalloc1.o
         8          4          0          0          0         68   rt_heap_descriptor_intlibspace.o
        78          0          0          0          0         80   rt_memclr_w.o
       138          0          0          0          0         68   rt_memcpy_v6.o
       100          0          0          0          0         80   rt_memcpy_w.o
         2          0          0          0          0          0   rtexit.o
        10          0          0          0          0          0   rtexit2.o
        12          4          0          0          0         68   sys_exit.o
        74          0          0          0          0         80   sys_stackheap_outer.o
        14          0          0          0          0         76   sys_wrch.o
         2          0          0          0          0         68   use_no_semi.o

    ----------------------------------------------------------------------
      1152         78          0          0         96       1876   Library Totals
         6          0          0          0          0          0   (incl. Padding)

    ----------------------------------------------------------------------

      Code (inc. data)   RO Data    RW Data    ZI Data      Debug   Library Name

      1146         78          0          0         96       1876   c_w.l

    ----------------------------------------------------------------------
      1152         78          0          0         96       1876   Library Totals

    ----------------------------------------------------------------------

==============================================================================


      Code (inc. data)   RO Data    RW Data    ZI Data      Debug   

      4564        312        480         44       3116     380034   Grand Totals
      4564        312        480         44       3116     380034   ELF Image Totals
      4564        312        480         44          0          0   ROM Totals

==============================================================================

    Total RO  Size (Code + RO Data)                 5044 (   4.93kB)
    Total RW  Size (RW Data + ZI Data)              3160 (   3.09kB)
    Total ROM Size (Code + RO Data + RW Data)       5088 (   4.97kB)

==============================================================================

